<?xml version="1.0" encoding="ISO-8859-1" ?>
<link_info>
   <banner>TI ARM Linker PC v20.2.7.LTS</banner>
   <copyright>Copyright (c) 1996-2018 Texas Instruments Incorporated</copyright>
   <link_time>0x66aa43fd</link_time>
   <link_errors>0x0</link_errors>
   <output_file>project.out</output_file>
   <entry_point>
      <name>_c_int00_noargs</name>
      <address>0xa7cd</address>
   </entry_point>
   <input_file_list>
      <input_file id="fl-2">
         <path>.\</path>
         <kind>object</kind>
         <file>delay.obj</file>
         <name>delay.obj</name>
      </input_file>
      <input_file id="fl-3">
         <path>.\</path>
         <kind>object</kind>
         <file>i2c_helper.obj</file>
         <name>i2c_helper.obj</name>
      </input_file>
      <input_file id="fl-4">
         <path>.\</path>
         <kind>object</kind>
         <file>main.obj</file>
         <name>main.obj</name>
      </input_file>
      <input_file id="fl-5">
         <path>.\</path>
         <kind>object</kind>
         <file>startup_msp432p401r_ccs.obj</file>
         <name>startup_msp432p401r_ccs.obj</name>
      </input_file>
      <input_file id="fl-6">
         <path>.\</path>
         <kind>object</kind>
         <file>system_msp432p401r.obj</file>
         <name>system_msp432p401r.obj</name>
      </input_file>
      <input_file id="fl-7">
         <path>.\</path>
         <kind>object</kind>
         <file>uart.obj</file>
         <name>uart.obj</name>
      </input_file>
      <input_file id="fl-8">
         <path>.\libraries\bosch\bmi160\</path>
         <kind>object</kind>
         <file>bmi160.obj</file>
         <name>bmi160.obj</name>
      </input_file>
      <input_file id="fl-9">
         <path>.\libraries\ti\devices\msp432p4xx\driverlib\</path>
         <kind>object</kind>
         <file>adc14.obj</file>
         <name>adc14.obj</name>
      </input_file>
      <input_file id="fl-a">
         <path>.\libraries\ti\devices\msp432p4xx\driverlib\</path>
         <kind>object</kind>
         <file>aes256.obj</file>
         <name>aes256.obj</name>
      </input_file>
      <input_file id="fl-b">
         <path>.\libraries\ti\devices\msp432p4xx\driverlib\</path>
         <kind>object</kind>
         <file>comp_e.obj</file>
         <name>comp_e.obj</name>
      </input_file>
      <input_file id="fl-c">
         <path>.\libraries\ti\devices\msp432p4xx\driverlib\</path>
         <kind>object</kind>
         <file>cpu.obj</file>
         <name>cpu.obj</name>
      </input_file>
      <input_file id="fl-d">
         <path>.\libraries\ti\devices\msp432p4xx\driverlib\</path>
         <kind>object</kind>
         <file>crc32.obj</file>
         <name>crc32.obj</name>
      </input_file>
      <input_file id="fl-e">
         <path>.\libraries\ti\devices\msp432p4xx\driverlib\</path>
         <kind>object</kind>
         <file>cs.obj</file>
         <name>cs.obj</name>
      </input_file>
      <input_file id="fl-f">
         <path>.\libraries\ti\devices\msp432p4xx\driverlib\</path>
         <kind>object</kind>
         <file>dma.obj</file>
         <name>dma.obj</name>
      </input_file>
      <input_file id="fl-10">
         <path>.\libraries\ti\devices\msp432p4xx\driverlib\</path>
         <kind>object</kind>
         <file>flash.obj</file>
         <name>flash.obj</name>
      </input_file>
      <input_file id="fl-11">
         <path>.\libraries\ti\devices\msp432p4xx\driverlib\</path>
         <kind>object</kind>
         <file>flash_a.obj</file>
         <name>flash_a.obj</name>
      </input_file>
      <input_file id="fl-12">
         <path>.\libraries\ti\devices\msp432p4xx\driverlib\</path>
         <kind>object</kind>
         <file>fpu.obj</file>
         <name>fpu.obj</name>
      </input_file>
      <input_file id="fl-13">
         <path>.\libraries\ti\devices\msp432p4xx\driverlib\</path>
         <kind>object</kind>
         <file>gpio.obj</file>
         <name>gpio.obj</name>
      </input_file>
      <input_file id="fl-14">
         <path>.\libraries\ti\devices\msp432p4xx\driverlib\</path>
         <kind>object</kind>
         <file>i2c.obj</file>
         <name>i2c.obj</name>
      </input_file>
      <input_file id="fl-15">
         <path>.\libraries\ti\devices\msp432p4xx\driverlib\</path>
         <kind>object</kind>
         <file>interrupt.obj</file>
         <name>interrupt.obj</name>
      </input_file>
      <input_file id="fl-16">
         <path>.\libraries\ti\devices\msp432p4xx\driverlib\</path>
         <kind>object</kind>
         <file>lcd_f.obj</file>
         <name>lcd_f.obj</name>
      </input_file>
      <input_file id="fl-17">
         <path>.\libraries\ti\devices\msp432p4xx\driverlib\</path>
         <kind>object</kind>
         <file>mpu.obj</file>
         <name>mpu.obj</name>
      </input_file>
      <input_file id="fl-18">
         <path>.\libraries\ti\devices\msp432p4xx\driverlib\</path>
         <kind>object</kind>
         <file>pcm.obj</file>
         <name>pcm.obj</name>
      </input_file>
      <input_file id="fl-19">
         <path>.\libraries\ti\devices\msp432p4xx\driverlib\</path>
         <kind>object</kind>
         <file>pmap.obj</file>
         <name>pmap.obj</name>
      </input_file>
      <input_file id="fl-1a">
         <path>.\libraries\ti\devices\msp432p4xx\driverlib\</path>
         <kind>object</kind>
         <file>pss.obj</file>
         <name>pss.obj</name>
      </input_file>
      <input_file id="fl-1b">
         <path>.\libraries\ti\devices\msp432p4xx\driverlib\</path>
         <kind>object</kind>
         <file>ref_a.obj</file>
         <name>ref_a.obj</name>
      </input_file>
      <input_file id="fl-1c">
         <path>.\libraries\ti\devices\msp432p4xx\driverlib\</path>
         <kind>object</kind>
         <file>reset.obj</file>
         <name>reset.obj</name>
      </input_file>
      <input_file id="fl-1d">
         <path>.\libraries\ti\devices\msp432p4xx\driverlib\</path>
         <kind>object</kind>
         <file>rtc_c.obj</file>
         <name>rtc_c.obj</name>
      </input_file>
      <input_file id="fl-1e">
         <path>.\libraries\ti\devices\msp432p4xx\driverlib\</path>
         <kind>object</kind>
         <file>spi.obj</file>
         <name>spi.obj</name>
      </input_file>
      <input_file id="fl-1f">
         <path>.\libraries\ti\devices\msp432p4xx\driverlib\</path>
         <kind>object</kind>
         <file>sysctl.obj</file>
         <name>sysctl.obj</name>
      </input_file>
      <input_file id="fl-20">
         <path>.\libraries\ti\devices\msp432p4xx\driverlib\</path>
         <kind>object</kind>
         <file>sysctl_a.obj</file>
         <name>sysctl_a.obj</name>
      </input_file>
      <input_file id="fl-21">
         <path>.\libraries\ti\devices\msp432p4xx\driverlib\</path>
         <kind>object</kind>
         <file>systick.obj</file>
         <name>systick.obj</name>
      </input_file>
      <input_file id="fl-22">
         <path>.\libraries\ti\devices\msp432p4xx\driverlib\</path>
         <kind>object</kind>
         <file>timer32.obj</file>
         <name>timer32.obj</name>
      </input_file>
      <input_file id="fl-23">
         <path>.\libraries\ti\devices\msp432p4xx\driverlib\</path>
         <kind>object</kind>
         <file>timer_a.obj</file>
         <name>timer_a.obj</name>
      </input_file>
      <input_file id="fl-24">
         <path>.\libraries\ti\devices\msp432p4xx\driverlib\</path>
         <kind>object</kind>
         <file>uart.obj</file>
         <name>uart.obj</name>
      </input_file>
      <input_file id="fl-25">
         <path>.\libraries\ti\devices\msp432p4xx\driverlib\</path>
         <kind>object</kind>
         <file>wdt_a.obj</file>
         <name>wdt_a.obj</name>
      </input_file>
      <input_file id="fl-29">
         <kind>object</kind>
         <file>&lt;internal&gt;</file>
         <name>&lt;internal&gt;</name>
      </input_file>
      <input_file id="fl-df">
         <path>C:\ti\ccs1220\ccs\tools\compiler\ti-cgt-arm_20.2.7.LTS\lib\</path>
         <kind>archive</kind>
         <file>rtsv7M4_T_le_v4SPD16_eabi.lib</file>
         <name>e_acos.c.obj</name>
      </input_file>
      <input_file id="fl-e0">
         <path>C:\ti\ccs1220\ccs\tools\compiler\ti-cgt-arm_20.2.7.LTS\lib\</path>
         <kind>archive</kind>
         <file>rtsv7M4_T_le_v4SPD16_eabi.lib</file>
         <name>e_sqrt.c.obj</name>
      </input_file>
      <input_file id="fl-e1">
         <path>C:\ti\ccs1220\ccs\tools\compiler\ti-cgt-arm_20.2.7.LTS\lib\</path>
         <kind>archive</kind>
         <file>rtsv7M4_T_le_v4SPD16_eabi.lib</file>
         <name>s_round.c.obj</name>
      </input_file>
      <input_file id="fl-e2">
         <path>C:\ti\ccs1220\ccs\tools\compiler\ti-cgt-arm_20.2.7.LTS\lib\</path>
         <kind>archive</kind>
         <file>rtsv7M4_T_le_v4SPD16_eabi.lib</file>
         <name>vsnprintf.c.obj</name>
      </input_file>
      <input_file id="fl-e3">
         <path>C:\ti\ccs1220\ccs\tools\compiler\ti-cgt-arm_20.2.7.LTS\lib\</path>
         <kind>archive</kind>
         <file>rtsv7M4_T_le_v4SPD16_eabi.lib</file>
         <name>fd_add_t2.asm.obj</name>
      </input_file>
      <input_file id="fl-e4">
         <path>C:\ti\ccs1220\ccs\tools\compiler\ti-cgt-arm_20.2.7.LTS\lib\</path>
         <kind>archive</kind>
         <file>rtsv7M4_T_le_v4SPD16_eabi.lib</file>
         <name>fd_cmp_t2.asm.obj</name>
      </input_file>
      <input_file id="fl-e5">
         <path>C:\ti\ccs1220\ccs\tools\compiler\ti-cgt-arm_20.2.7.LTS\lib\</path>
         <kind>archive</kind>
         <file>rtsv7M4_T_le_v4SPD16_eabi.lib</file>
         <name>fd_div_t2.asm.obj</name>
      </input_file>
      <input_file id="fl-e6">
         <path>C:\ti\ccs1220\ccs\tools\compiler\ti-cgt-arm_20.2.7.LTS\lib\</path>
         <kind>archive</kind>
         <file>rtsv7M4_T_le_v4SPD16_eabi.lib</file>
         <name>fd_mul_t2.asm.obj</name>
      </input_file>
      <input_file id="fl-e7">
         <path>C:\ti\ccs1220\ccs\tools\compiler\ti-cgt-arm_20.2.7.LTS\lib\</path>
         <kind>archive</kind>
         <file>rtsv7M4_T_le_v4SPD16_eabi.lib</file>
         <name>fd_tos_t2.asm.obj</name>
      </input_file>
      <input_file id="fl-e8">
         <path>C:\ti\ccs1220\ccs\tools\compiler\ti-cgt-arm_20.2.7.LTS\lib\</path>
         <kind>archive</kind>
         <file>rtsv7M4_T_le_v4SPD16_eabi.lib</file>
         <name>fs_tod_t2.asm.obj</name>
      </input_file>
      <input_file id="fl-e9">
         <path>C:\ti\ccs1220\ccs\tools\compiler\ti-cgt-arm_20.2.7.LTS\lib\</path>
         <kind>archive</kind>
         <file>rtsv7M4_T_le_v4SPD16_eabi.lib</file>
         <name>memcpy_t2.asm.obj</name>
      </input_file>
      <input_file id="fl-ea">
         <path>C:\ti\ccs1220\ccs\tools\compiler\ti-cgt-arm_20.2.7.LTS\lib\</path>
         <kind>archive</kind>
         <file>rtsv7M4_T_le_v4SPD16_eabi.lib</file>
         <name>memset_t2.asm.obj</name>
      </input_file>
      <input_file id="fl-eb">
         <path>C:\ti\ccs1220\ccs\tools\compiler\ti-cgt-arm_20.2.7.LTS\lib\</path>
         <kind>archive</kind>
         <file>rtsv7M4_T_le_v4SPD16_eabi.lib</file>
         <name>copy_zero_init.c.obj</name>
      </input_file>
      <input_file id="fl-ec">
         <path>C:\ti\ccs1220\ccs\tools\compiler\ti-cgt-arm_20.2.7.LTS\lib\</path>
         <kind>archive</kind>
         <file>rtsv7M4_T_le_v4SPD16_eabi.lib</file>
         <name>copy_decompress_none.c.obj</name>
      </input_file>
      <input_file id="fl-ed">
         <path>C:\ti\ccs1220\ccs\tools\compiler\ti-cgt-arm_20.2.7.LTS\lib\</path>
         <kind>archive</kind>
         <file>rtsv7M4_T_le_v4SPD16_eabi.lib</file>
         <name>copy_decompress_lzss.c.obj</name>
      </input_file>
      <input_file id="fl-ee">
         <path>C:\ti\ccs1220\ccs\tools\compiler\ti-cgt-arm_20.2.7.LTS\lib\</path>
         <kind>archive</kind>
         <file>rtsv7M4_T_le_v4SPD16_eabi.lib</file>
         <name>boot_cortex_m.c.obj</name>
      </input_file>
      <input_file id="fl-ef">
         <path>C:\ti\ccs1220\ccs\tools\compiler\ti-cgt-arm_20.2.7.LTS\lib\</path>
         <kind>archive</kind>
         <file>rtsv7M4_T_le_v4SPD16_eabi.lib</file>
         <name>errno.c.obj</name>
      </input_file>
      <input_file id="fl-f0">
         <path>C:\ti\ccs1220\ccs\tools\compiler\ti-cgt-arm_20.2.7.LTS\lib\</path>
         <kind>archive</kind>
         <file>rtsv7M4_T_le_v4SPD16_eabi.lib</file>
         <name>s_floor.c.obj</name>
      </input_file>
      <input_file id="fl-f1">
         <path>C:\ti\ccs1220\ccs\tools\compiler\ti-cgt-arm_20.2.7.LTS\lib\</path>
         <kind>archive</kind>
         <file>rtsv7M4_T_le_v4SPD16_eabi.lib</file>
         <name>_printfi.c.obj</name>
      </input_file>
      <input_file id="fl-f2">
         <path>C:\ti\ccs1220\ccs\tools\compiler\ti-cgt-arm_20.2.7.LTS\lib\</path>
         <kind>archive</kind>
         <file>rtsv7M4_T_le_v4SPD16_eabi.lib</file>
         <name>fd_toi_t2.asm.obj</name>
      </input_file>
      <input_file id="fl-f3">
         <path>C:\ti\ccs1220\ccs\tools\compiler\ti-cgt-arm_20.2.7.LTS\lib\</path>
         <kind>archive</kind>
         <file>rtsv7M4_T_le_v4SPD16_eabi.lib</file>
         <name>i_tofd_t2.asm.obj</name>
      </input_file>
      <input_file id="fl-f4">
         <path>C:\ti\ccs1220\ccs\tools\compiler\ti-cgt-arm_20.2.7.LTS\lib\</path>
         <kind>archive</kind>
         <file>rtsv7M4_T_le_v4SPD16_eabi.lib</file>
         <name>ull_div_t2.asm.obj</name>
      </input_file>
      <input_file id="fl-f5">
         <path>C:\ti\ccs1220\ccs\tools\compiler\ti-cgt-arm_20.2.7.LTS\lib\</path>
         <kind>archive</kind>
         <file>rtsv7M4_T_le_v4SPD16_eabi.lib</file>
         <name>autoinit.c.obj</name>
      </input_file>
      <input_file id="fl-f6">
         <path>C:\ti\ccs1220\ccs\tools\compiler\ti-cgt-arm_20.2.7.LTS\lib\</path>
         <kind>archive</kind>
         <file>rtsv7M4_T_le_v4SPD16_eabi.lib</file>
         <name>pre_init.c.obj</name>
      </input_file>
      <input_file id="fl-f7">
         <path>C:\ti\ccs1220\ccs\tools\compiler\ti-cgt-arm_20.2.7.LTS\lib\</path>
         <kind>archive</kind>
         <file>rtsv7M4_T_le_v4SPD16_eabi.lib</file>
         <name>cpy_tbl.c.obj</name>
      </input_file>
      <input_file id="fl-f8">
         <path>C:\ti\ccs1220\ccs\tools\compiler\ti-cgt-arm_20.2.7.LTS\lib\</path>
         <kind>archive</kind>
         <file>rtsv7M4_T_le_v4SPD16_eabi.lib</file>
         <name>exit.c.obj</name>
      </input_file>
      <input_file id="fl-f9">
         <path>C:\ti\ccs1220\ccs\tools\compiler\ti-cgt-arm_20.2.7.LTS\lib\</path>
         <kind>archive</kind>
         <file>rtsv7M4_T_le_v4SPD16_eabi.lib</file>
         <name>_lock.c.obj</name>
      </input_file>
      <input_file id="fl-fa">
         <path>C:\ti\ccs1220\ccs\tools\compiler\ti-cgt-arm_20.2.7.LTS\lib\</path>
         <kind>archive</kind>
         <file>rtsv7M4_T_le_v4SPD16_eabi.lib</file>
         <name>_ltoa.c.obj</name>
      </input_file>
      <input_file id="fl-fb">
         <path>C:\ti\ccs1220\ccs\tools\compiler\ti-cgt-arm_20.2.7.LTS\lib\</path>
         <kind>archive</kind>
         <file>rtsv7M4_T_le_v4SPD16_eabi.lib</file>
         <name>args_main.c.obj</name>
      </input_file>
      <input_file id="fl-fc">
         <path>C:\ti\ccs1220\ccs\tools\compiler\ti-cgt-arm_20.2.7.LTS\lib\</path>
         <kind>archive</kind>
         <file>rtsv7M4_T_le_v4SPD16_eabi.lib</file>
         <name>atoi.c.obj</name>
      </input_file>
      <input_file id="fl-fd">
         <path>C:\ti\ccs1220\ccs\tools\compiler\ti-cgt-arm_20.2.7.LTS\lib\</path>
         <kind>archive</kind>
         <file>rtsv7M4_T_le_v4SPD16_eabi.lib</file>
         <name>ctype.c.obj</name>
      </input_file>
      <input_file id="fl-fe">
         <path>C:\ti\ccs1220\ccs\tools\compiler\ti-cgt-arm_20.2.7.LTS\lib\</path>
         <kind>archive</kind>
         <file>rtsv7M4_T_le_v4SPD16_eabi.lib</file>
         <name>memccpy.c.obj</name>
      </input_file>
      <input_file id="fl-ff">
         <path>C:\ti\ccs1220\ccs\tools\compiler\ti-cgt-arm_20.2.7.LTS\lib\</path>
         <kind>archive</kind>
         <file>rtsv7M4_T_le_v4SPD16_eabi.lib</file>
         <name>strchr.c.obj</name>
      </input_file>
      <input_file id="fl-100">
         <path>C:\ti\ccs1220\ccs\tools\compiler\ti-cgt-arm_20.2.7.LTS\lib\</path>
         <kind>archive</kind>
         <file>rtsv7M4_T_le_v4SPD16_eabi.lib</file>
         <name>strlen.c.obj</name>
      </input_file>
      <input_file id="fl-101">
         <path>C:\ti\ccs1220\ccs\tools\compiler\ti-cgt-arm_20.2.7.LTS\lib\</path>
         <kind>archive</kind>
         <file>rtsv7M4_T_le_v4SPD16_eabi.lib</file>
         <name>wcslen.c.obj</name>
      </input_file>
      <input_file id="fl-102">
         <path>C:\ti\ccs1220\ccs\tools\compiler\ti-cgt-arm_20.2.7.LTS\lib\</path>
         <kind>archive</kind>
         <file>rtsv7M4_T_le_v4SPD16_eabi.lib</file>
         <name>s_frexp.c.obj</name>
      </input_file>
      <input_file id="fl-103">
         <path>C:\ti\ccs1220\ccs\tools\compiler\ti-cgt-arm_20.2.7.LTS\lib\</path>
         <kind>archive</kind>
         <file>rtsv7M4_T_le_v4SPD16_eabi.lib</file>
         <name>s_scalbn.c.obj</name>
      </input_file>
      <input_file id="fl-104">
         <path>C:\ti\ccs1220\ccs\tools\compiler\ti-cgt-arm_20.2.7.LTS\lib\</path>
         <kind>archive</kind>
         <file>rtsv7M4_T_le_v4SPD16_eabi.lib</file>
         <name>div0.asm.obj</name>
      </input_file>
      <input_file id="fl-105">
         <path>C:\ti\ccs1220\ccs\tools\compiler\ti-cgt-arm_20.2.7.LTS\lib\</path>
         <kind>archive</kind>
         <file>rtsv7M4_T_le_v4SPD16_eabi.lib</file>
         <name>s_copysign.c.obj</name>
      </input_file>
   </input_file_list>
   <object_component_list>
      <object_component id="oc-26">
         <name>.intvecs:retain</name>
         <load_address>0x0</load_address>
         <run_address>0x0</run_address>
         <size>0xe4</size>
         <input_file_ref idref="fl-5"/>
      </object_component>
      <object_component id="oc-db">
         <name>.text</name>
         <load_address>0xe4</load_address>
         <run_address>0xe4</run_address>
         <size>0x4c5e</size>
         <input_file_ref idref="fl-8"/>
      </object_component>
      <object_component id="oc-3ae">
         <name>.text</name>
         <load_address>0x4d42</load_address>
         <run_address>0x4d42</run_address>
         <size>0x2</size>
         <input_file_ref idref="fl-104"/>
      </object_component>
      <object_component id="oc-1a4">
         <name>.text</name>
         <load_address>0x4d44</load_address>
         <run_address>0x4d44</run_address>
         <size>0xc5c</size>
         <input_file_ref idref="fl-e"/>
      </object_component>
      <object_component id="oc-250">
         <name>.text:__TI_printfi</name>
         <load_address>0x59a0</load_address>
         <run_address>0x59a0</run_address>
         <size>0xa4e</size>
         <input_file_ref idref="fl-f1"/>
      </object_component>
      <object_component id="oc-1aa">
         <name>.text</name>
         <load_address>0x63f0</load_address>
         <run_address>0x63f0</run_address>
         <size>0x804</size>
         <input_file_ref idref="fl-14"/>
      </object_component>
      <object_component id="oc-e7">
         <name>.text</name>
         <load_address>0x6bf4</load_address>
         <run_address>0x6bf4</run_address>
         <size>0x798</size>
         <input_file_ref idref="fl-23"/>
      </object_component>
      <object_component id="oc-c3">
         <name>.text</name>
         <load_address>0x738c</load_address>
         <run_address>0x738c</run_address>
         <size>0x480</size>
         <input_file_ref idref="fl-13"/>
      </object_component>
      <object_component id="oc-93">
         <name>.text</name>
         <load_address>0x780c</load_address>
         <run_address>0x780c</run_address>
         <size>0x460</size>
         <input_file_ref idref="fl-4"/>
      </object_component>
      <object_component id="oc-c9">
         <name>.text</name>
         <load_address>0x7c6c</load_address>
         <run_address>0x7c6c</run_address>
         <size>0x41c</size>
         <input_file_ref idref="fl-24"/>
      </object_component>
      <object_component id="oc-fd">
         <name>.text:acos</name>
         <load_address>0x8088</load_address>
         <run_address>0x8088</run_address>
         <size>0x41c</size>
         <input_file_ref idref="fl-df"/>
      </object_component>
      <object_component id="oc-184">
         <name>.text</name>
         <load_address>0x84a4</load_address>
         <run_address>0x84a4</run_address>
         <size>0x3f0</size>
         <input_file_ref idref="fl-15"/>
      </object_component>
      <object_component id="oc-a5">
         <name>.text</name>
         <load_address>0x8894</load_address>
         <run_address>0x8894</run_address>
         <size>0x32c</size>
         <input_file_ref idref="fl-6"/>
      </object_component>
      <object_component id="oc-300">
         <name>.text:_pconv_a</name>
         <load_address>0x8bc0</load_address>
         <run_address>0x8bc0</run_address>
         <size>0x270</size>
         <input_file_ref idref="fl-f1"/>
      </object_component>
      <object_component id="oc-278">
         <name>.text</name>
         <load_address>0x8e30</load_address>
         <run_address>0x8e30</run_address>
         <size>0x248</size>
         <input_file_ref idref="fl-1f"/>
      </object_component>
      <object_component id="oc-2ee">
         <name>.text:_pconv_g</name>
         <load_address>0x9078</load_address>
         <run_address>0x9078</run_address>
         <size>0x1d0</size>
         <input_file_ref idref="fl-f1"/>
      </object_component>
      <object_component id="oc-d5">
         <name>.text</name>
         <load_address>0x9248</load_address>
         <run_address>0x9248</run_address>
         <size>0x1c8</size>
         <input_file_ref idref="fl-3"/>
      </object_component>
      <object_component id="oc-1bc">
         <name>.text</name>
         <load_address>0x9410</load_address>
         <run_address>0x9410</run_address>
         <size>0x1b6</size>
         <input_file_ref idref="fl-e3"/>
      </object_component>
      <object_component id="oc-f2">
         <name>.text:sqrt</name>
         <load_address>0x95c8</load_address>
         <run_address>0x95c8</run_address>
         <size>0x158</size>
         <input_file_ref idref="fl-e0"/>
      </object_component>
      <object_component id="oc-2fa">
         <name>.text:_pconv_e</name>
         <load_address>0x9720</load_address>
         <run_address>0x9720</run_address>
         <size>0x13c</size>
         <input_file_ref idref="fl-f1"/>
      </object_component>
      <object_component id="oc-108">
         <name>.text</name>
         <load_address>0x985c</load_address>
         <run_address>0x985c</run_address>
         <size>0x136</size>
         <input_file_ref idref="fl-e5"/>
      </object_component>
      <object_component id="oc-36f">
         <name>.text:fcvt</name>
         <load_address>0x9994</load_address>
         <run_address>0x9994</run_address>
         <size>0x124</size>
         <input_file_ref idref="fl-f1"/>
      </object_component>
      <object_component id="oc-383">
         <name>.text:scalbn</name>
         <load_address>0x9ab8</load_address>
         <run_address>0x9ab8</run_address>
         <size>0x110</size>
         <input_file_ref idref="fl-103"/>
      </object_component>
      <object_component id="oc-103">
         <name>.text</name>
         <load_address>0x9bc8</load_address>
         <run_address>0x9bc8</run_address>
         <size>0xfc</size>
         <input_file_ref idref="fl-e6"/>
      </object_component>
      <object_component id="oc-1d3">
         <name>.text:floor</name>
         <load_address>0x9cc4</load_address>
         <run_address>0x9cc4</run_address>
         <size>0xf8</size>
         <input_file_ref idref="fl-f0"/>
      </object_component>
      <object_component id="oc-10d">
         <name>.text:round</name>
         <load_address>0x9dbc</load_address>
         <run_address>0x9dbc</run_address>
         <size>0xc4</size>
         <input_file_ref idref="fl-e1"/>
      </object_component>
      <object_component id="oc-2e8">
         <name>.text:_ltostr</name>
         <load_address>0x9e80</load_address>
         <run_address>0x9e80</run_address>
         <size>0xb1</size>
         <input_file_ref idref="fl-f1"/>
      </object_component>
      <object_component id="oc-cf">
         <name>.text</name>
         <load_address>0x9f34</load_address>
         <run_address>0x9f34</run_address>
         <size>0x9c</size>
         <input_file_ref idref="fl-7"/>
      </object_component>
      <object_component id="oc-37">
         <name>.text</name>
         <load_address>0x9fd0</load_address>
         <run_address>0x9fd0</run_address>
         <size>0x9c</size>
         <input_file_ref idref="fl-e9"/>
      </object_component>
      <object_component id="oc-34c">
         <name>.text</name>
         <load_address>0xa06c</load_address>
         <run_address>0xa06c</run_address>
         <size>0x96</size>
         <input_file_ref idref="fl-f4"/>
      </object_component>
      <object_component id="oc-1d9">
         <name>.text:__aeabi_cdcmple</name>
         <load_address>0xa102</load_address>
         <run_address>0xa102</run_address>
         <size>0x86</size>
         <input_file_ref idref="fl-e4"/>
      </object_component>
      <object_component id="oc-2a0">
         <name>.text:__aeabi_cdrcmple</name>
         <load_address>0xa188</load_address>
         <run_address>0xa188</run_address>
         <size>0x86</size>
         <input_file_ref idref="fl-e4"/>
      </object_component>
      <object_component id="oc-87">
         <name>.text</name>
         <load_address>0xa20e</load_address>
         <run_address>0xa20e</run_address>
         <size>0x7a</size>
         <input_file_ref idref="fl-ea"/>
      </object_component>
      <object_component id="oc-368">
         <name>.text:_mcpy</name>
         <load_address>0xa288</load_address>
         <run_address>0xa288</run_address>
         <size>0x6e</size>
         <input_file_ref idref="fl-f1"/>
      </object_component>
      <object_component id="oc-f8">
         <name>.text</name>
         <load_address>0xa2f6</load_address>
         <run_address>0xa2f6</run_address>
         <size>0x6e</size>
         <input_file_ref idref="fl-e7"/>
      </object_component>
      <object_component id="oc-114">
         <name>.text</name>
         <load_address>0xa364</load_address>
         <run_address>0xa364</run_address>
         <size>0x6c</size>
         <input_file_ref idref="fl-2"/>
      </object_component>
      <object_component id="oc-17">
         <name>.text:decompress:lzss:__TI_decompress_lzss</name>
         <load_address>0xa3d0</load_address>
         <run_address>0xa3d0</run_address>
         <size>0x68</size>
         <input_file_ref idref="fl-ed"/>
      </object_component>
      <object_component id="oc-e1">
         <name>.text</name>
         <load_address>0xa438</load_address>
         <run_address>0xa438</run_address>
         <size>0x68</size>
         <input_file_ref idref="fl-19"/>
      </object_component>
      <object_component id="oc-37d">
         <name>.text:frexp</name>
         <load_address>0xa4a0</load_address>
         <run_address>0xa4a0</run_address>
         <size>0x64</size>
         <input_file_ref idref="fl-102"/>
      </object_component>
      <object_component id="oc-2f4">
         <name>.text:_pconv_f</name>
         <load_address>0xa504</load_address>
         <run_address>0xa504</run_address>
         <size>0x56</size>
         <input_file_ref idref="fl-f1"/>
      </object_component>
      <object_component id="oc-357">
         <name>.text:__TI_ltoa</name>
         <load_address>0xa55a</load_address>
         <run_address>0xa55a</run_address>
         <size>0x54</size>
         <input_file_ref idref="fl-fa"/>
      </object_component>
      <object_component id="oc-362">
         <name>.text:_ecpy</name>
         <load_address>0xa5ae</load_address>
         <run_address>0xa5ae</run_address>
         <size>0x52</size>
         <input_file_ref idref="fl-f1"/>
      </object_component>
      <object_component id="oc-2e2">
         <name>.text:atoi</name>
         <load_address>0xa600</load_address>
         <run_address>0xa600</run_address>
         <size>0x4c</size>
         <input_file_ref idref="fl-fc"/>
      </object_component>
      <object_component id="oc-352">
         <name>.text</name>
         <load_address>0xa64c</load_address>
         <run_address>0xa64c</run_address>
         <size>0x48</size>
         <input_file_ref idref="fl-f2"/>
      </object_component>
      <object_component id="oc-145">
         <name>.text:__TI_auto_init_nobinit_nopinit:__TI_auto_init_nobinit_nopinit</name>
         <load_address>0xa694</load_address>
         <run_address>0xa694</run_address>
         <size>0x44</size>
         <input_file_ref idref="fl-f5"/>
      </object_component>
      <object_component id="oc-196">
         <name>.text:vsnprintf</name>
         <load_address>0xa6d8</load_address>
         <run_address>0xa6d8</run_address>
         <size>0x40</size>
         <input_file_ref idref="fl-e2"/>
      </object_component>
      <object_component id="oc-375">
         <name>.text:_fcpy</name>
         <load_address>0xa718</load_address>
         <run_address>0xa718</run_address>
         <size>0x3e</size>
         <input_file_ref idref="fl-f1"/>
      </object_component>
      <object_component id="oc-228">
         <name>.text</name>
         <load_address>0xa756</load_address>
         <run_address>0xa756</run_address>
         <size>0x3e</size>
         <input_file_ref idref="fl-c"/>
      </object_component>
      <object_component id="oc-ed">
         <name>.text</name>
         <load_address>0xa794</load_address>
         <run_address>0xa794</run_address>
         <size>0x38</size>
         <input_file_ref idref="fl-e8"/>
      </object_component>
      <object_component id="oc-55">
         <name>.text:_c_int00_noargs:_c_int00_noargs</name>
         <load_address>0xa7cc</load_address>
         <run_address>0xa7cc</run_address>
         <size>0x34</size>
         <input_file_ref idref="fl-ee"/>
      </object_component>
      <object_component id="oc-256">
         <name>.text:_outs</name>
         <load_address>0xa800</load_address>
         <run_address>0xa800</run_address>
         <size>0x30</size>
         <input_file_ref idref="fl-e2"/>
      </object_component>
      <object_component id="oc-35d">
         <name>.text</name>
         <load_address>0xa830</load_address>
         <run_address>0xa830</run_address>
         <size>0x2e</size>
         <input_file_ref idref="fl-f3"/>
      </object_component>
      <object_component id="oc-43">
         <name>.text:decompress:ZI:__TI_zero_init_nomemset:__TI_zero_init_nomemset</name>
         <load_address>0xa85e</load_address>
         <run_address>0xa85e</run_address>
         <size>0x1c</size>
         <input_file_ref idref="fl-eb"/>
      </object_component>
      <object_component id="oc-306">
         <name>.text:memccpy</name>
         <load_address>0xa87a</load_address>
         <run_address>0xa87a</run_address>
         <size>0x1c</size>
         <input_file_ref idref="fl-fe"/>
      </object_component>
      <object_component id="oc-3c3">
         <name>.text:copysign</name>
         <load_address>0xa896</load_address>
         <run_address>0xa896</run_address>
         <size>0x1a</size>
         <input_file_ref idref="fl-105"/>
      </object_component>
      <object_component id="oc-25c">
         <name>.text:_outc</name>
         <load_address>0xa8b0</load_address>
         <run_address>0xa8b0</run_address>
         <size>0x18</size>
         <input_file_ref idref="fl-e2"/>
      </object_component>
      <object_component id="oc-389">
         <name>.text:strchr</name>
         <load_address>0xa8c8</load_address>
         <run_address>0xa8c8</run_address>
         <size>0x16</size>
         <input_file_ref idref="fl-ff"/>
      </object_component>
      <object_component id="oc-2dc">
         <name>.text:strlen</name>
         <load_address>0xa8de</load_address>
         <run_address>0xa8de</run_address>
         <size>0x14</size>
         <input_file_ref idref="fl-100"/>
      </object_component>
      <object_component id="oc-30c">
         <name>.text:wcslen</name>
         <load_address>0xa8f2</load_address>
         <run_address>0xa8f2</run_address>
         <size>0x12</size>
         <input_file_ref idref="fl-101"/>
      </object_component>
      <object_component id="oc-1d">
         <name>.text:decompress:none:__TI_decompress_none</name>
         <load_address>0xa904</load_address>
         <run_address>0xa904</run_address>
         <size>0xe</size>
         <input_file_ref idref="fl-ec"/>
      </object_component>
      <object_component id="oc-67">
         <name>.text</name>
         <load_address>0xa912</load_address>
         <run_address>0xa912</run_address>
         <size>0xe</size>
         <input_file_ref idref="fl-5"/>
      </object_component>
      <object_component id="oc-1c1">
         <name>.text:__aeabi_errno_addr</name>
         <load_address>0xa920</load_address>
         <run_address>0xa920</run_address>
         <size>0x8</size>
         <input_file_ref idref="fl-ef"/>
      </object_component>
      <object_component id="oc-8d">
         <name>.text:_system_pre_init</name>
         <load_address>0xa928</load_address>
         <run_address>0xa928</run_address>
         <size>0x4</size>
         <input_file_ref idref="fl-f6"/>
      </object_component>
      <object_component id="oc-139">
         <name>.text:abort:abort</name>
         <load_address>0xa92c</load_address>
         <run_address>0xa92c</run_address>
         <size>0x4</size>
         <input_file_ref idref="fl-f8"/>
      </object_component>
      <object_component id="oc-347">
         <name>.const:.string:_ctypes_</name>
         <load_address>0xa930</load_address>
         <run_address>0xa930</run_address>
         <size>0x101</size>
         <input_file_ref idref="fl-fd"/>
      </object_component>
      <object_component id="oc-234">
         <name>.const:g_pulRegs</name>
         <load_address>0xaa34</load_address>
         <run_address>0xaa34</run_address>
         <size>0x50</size>
         <input_file_ref idref="fl-15"/>
      </object_component>
      <object_component id="oc-181">
         <name>.const:GPIO_PORT_TO_BASE</name>
         <load_address>0xaa84</load_address>
         <run_address>0xaa84</run_address>
         <size>0x30</size>
         <input_file_ref idref="fl-13"/>
      </object_component>
      <object_component id="oc-113">
         <name>.const:uart_config$1</name>
         <load_address>0xaab4</load_address>
         <run_address>0xaab4</run_address>
         <size>0x24</size>
         <input_file_ref idref="fl-4"/>
      </object_component>
      <object_component id="oc-231">
         <name>.const:g_pulPriority</name>
         <load_address>0xaad8</load_address>
         <run_address>0xaad8</run_address>
         <size>0x20</size>
         <input_file_ref idref="fl-15"/>
      </object_component>
      <object_component id="oc-18a">
         <name>.const:GPIO_PORT_TO_INT</name>
         <load_address>0xaaf8</load_address>
         <run_address>0xaaf8</run_address>
         <size>0x1c</size>
         <input_file_ref idref="fl-13"/>
      </object_component>
      <object_component id="oc-11d">
         <name>.const:$P$T0$2</name>
         <load_address>0xab14</load_address>
         <run_address>0xab14</run_address>
         <size>0x18</size>
         <input_file_ref idref="fl-4"/>
      </object_component>
      <object_component id="oc-120">
         <name>.const:$P$T1$3</name>
         <load_address>0xab2c</load_address>
         <run_address>0xab2c</run_address>
         <size>0x10</size>
         <input_file_ref idref="fl-4"/>
      </object_component>
      <object_component id="oc-11a">
         <name>.const:.string:port_mapping</name>
         <load_address>0xab3c</load_address>
         <run_address>0xab3c</run_address>
         <size>0x8</size>
         <input_file_ref idref="fl-4"/>
      </object_component>
      <object_component id="oc-23a">
         <name>.const:g_pulDisRegs</name>
         <load_address>0xab44</load_address>
         <run_address>0xab44</run_address>
         <size>0x8</size>
         <input_file_ref idref="fl-15"/>
      </object_component>
      <object_component id="oc-237">
         <name>.const:g_pulEnRegs</name>
         <load_address>0xab4c</load_address>
         <run_address>0xab4c</run_address>
         <size>0x8</size>
         <input_file_ref idref="fl-15"/>
      </object_component>
      <object_component id="oc-23d">
         <name>.const:g_pulPendRegs</name>
         <load_address>0xab54</load_address>
         <run_address>0xab54</run_address>
         <size>0x8</size>
         <input_file_ref idref="fl-15"/>
      </object_component>
      <object_component id="oc-240">
         <name>.const:g_pulUnpendRegs</name>
         <load_address>0xab5c</load_address>
         <run_address>0xab5c</run_address>
         <size>0x8</size>
         <input_file_ref idref="fl-15"/>
      </object_component>
      <object_component id="oc-41e">
         <name>.cinit..data.load</name>
         <load_address>0xab68</load_address>
         <run_address>0xab68</run_address>
         <size>0x14</size>
      </object_component>
      <object_component id="oc-41b">
         <name>__TI_handler_table</name>
         <load_address>0xab7c</load_address>
         <run_address>0xab7c</run_address>
         <size>0xc</size>
      </object_component>
      <object_component id="oc-41f">
         <name>.cinit..bss.load</name>
         <load_address>0xab88</load_address>
         <run_address>0xab88</run_address>
         <size>0x8</size>
      </object_component>
      <object_component id="oc-41d">
         <name>.cinit..vtable.load</name>
         <load_address>0xab90</load_address>
         <run_address>0xab90</run_address>
         <size>0x8</size>
      </object_component>
      <object_component id="oc-41c">
         <name>__TI_cinit_table</name>
         <load_address>0xab98</load_address>
         <run_address>0xab98</run_address>
         <size>0x18</size>
      </object_component>
      <object_component id="oc-3ef">
         <name>.binit</name>
         <load_address>0x0</load_address>
         <run_address>0x0</run_address>
         <size>0x0</size>
      </object_component>
      <object_component id="oc-22e">
         <name>.vtable</name>
         <uninitialized>true</uninitialized>
         <run_address>0x20000000</run_address>
         <size>0xe8</size>
         <input_file_ref idref="fl-15"/>
      </object_component>
      <object_component id="oc-1b0">
         <name>.data:i2c_config</name>
         <load_address>0x200001f0</load_address>
         <run_address>0x200001f0</run_address>
         <size>0x14</size>
         <input_file_ref idref="fl-3"/>
      </object_component>
      <object_component id="oc-177">
         <name>.data</name>
         <load_address>0x20000208</load_address>
         <run_address>0x20000208</run_address>
         <size>0x4</size>
         <input_file_ref idref="fl-6"/>
      </object_component>
      <object_component id="oc-292">
         <name>.data</name>
         <load_address>0x20000204</load_address>
         <run_address>0x20000204</run_address>
         <size>0x4</size>
         <input_file_ref idref="fl-ef"/>
      </object_component>
      <object_component id="oc-19c">
         <name>.bss:print_buffer$1</name>
         <uninitialized>true</uninitialized>
         <run_address>0x200000e8</run_address>
         <size>0x100</size>
         <input_file_ref idref="fl-7"/>
      </object_component>
      <object_component id="oc-275">
         <name>.bss</name>
         <uninitialized>true</uninitialized>
         <run_address>0x200001e8</run_address>
         <size>0x8</size>
         <input_file_ref idref="fl-e"/>
      </object_component>
      <object_component id="oc-29">
         <name>.stack</name>
         <uninitialized>true</uninitialized>
         <run_address>0x2000fe00</run_address>
         <size>0x4</size>
         <input_file_ref idref="fl-ee"/>
      </object_component>
      <object_component id="oc-421">
         <name>.stack</name>
         <uninitialized>true</uninitialized>
         <run_address>0x2000fe00</run_address>
         <size>0x0</size>
      </object_component>
      <object_component id="oc-180">
         <name>.debug_info</name>
         <load_address>0x0</load_address>
         <run_address>0x0</run_address>
         <size>0x580</size>
         <input_file_ref idref="fl-2"/>
      </object_component>
      <object_component id="oc-116">
         <name>.debug_info</name>
         <load_address>0x580</load_address>
         <run_address>0x580</run_address>
         <size>0x256</size>
         <input_file_ref idref="fl-2"/>
      </object_component>
      <object_component id="oc-1ee">
         <name>.debug_info</name>
         <load_address>0x7d6</load_address>
         <run_address>0x7d6</run_address>
         <size>0x1055</size>
         <input_file_ref idref="fl-2"/>
      </object_component>
      <object_component id="oc-ae">
         <name>.debug_info</name>
         <load_address>0x182b</load_address>
         <run_address>0x182b</run_address>
         <size>0x26b</size>
         <input_file_ref idref="fl-2"/>
      </object_component>
      <object_component id="oc-221">
         <name>.debug_info</name>
         <load_address>0x1a96</load_address>
         <run_address>0x1a96</run_address>
         <size>0x37e2</size>
         <input_file_ref idref="fl-2"/>
      </object_component>
      <object_component id="oc-284">
         <name>.debug_info</name>
         <load_address>0x5278</load_address>
         <run_address>0x5278</run_address>
         <size>0x9a</size>
         <input_file_ref idref="fl-2"/>
      </object_component>
      <object_component id="oc-328">
         <name>.debug_info</name>
         <load_address>0x5312</load_address>
         <run_address>0x5312</run_address>
         <size>0x1b5</size>
         <input_file_ref idref="fl-2"/>
      </object_component>
      <object_component id="oc-12a">
         <name>.debug_info</name>
         <load_address>0x54c7</load_address>
         <run_address>0x54c7</run_address>
         <size>0x341</size>
         <input_file_ref idref="fl-2"/>
      </object_component>
      <object_component id="oc-32">
         <name>.debug_info</name>
         <load_address>0x5808</load_address>
         <run_address>0x5808</run_address>
         <size>0x84</size>
         <input_file_ref idref="fl-2"/>
      </object_component>
      <object_component id="oc-17b">
         <name>.debug_info</name>
         <load_address>0x588c</load_address>
         <run_address>0x588c</run_address>
         <size>0x2a4</size>
         <input_file_ref idref="fl-2"/>
      </object_component>
      <object_component id="oc-18e">
         <name>.debug_info</name>
         <load_address>0x5b30</load_address>
         <run_address>0x5b30</run_address>
         <size>0xef</size>
         <input_file_ref idref="fl-2"/>
      </object_component>
      <object_component id="oc-134">
         <name>.debug_info</name>
         <load_address>0x5c1f</load_address>
         <run_address>0x5c1f</run_address>
         <size>0xbb</size>
         <input_file_ref idref="fl-2"/>
      </object_component>
      <object_component id="oc-270">
         <name>.debug_info</name>
         <load_address>0x5cda</load_address>
         <run_address>0x5cda</run_address>
         <size>0xcc</size>
         <input_file_ref idref="fl-2"/>
      </object_component>
      <object_component id="oc-19f">
         <name>.debug_info</name>
         <load_address>0x5da6</load_address>
         <run_address>0x5da6</run_address>
         <size>0x2c</size>
         <input_file_ref idref="fl-2"/>
      </object_component>
      <object_component id="oc-1f3">
         <name>.debug_info</name>
         <load_address>0x5dd2</load_address>
         <run_address>0x5dd2</run_address>
         <size>0xee</size>
         <input_file_ref idref="fl-2"/>
      </object_component>
      <object_component id="oc-1b4">
         <name>.debug_info</name>
         <load_address>0x5ec0</load_address>
         <run_address>0x5ec0</run_address>
         <size>0x972</size>
         <input_file_ref idref="fl-3"/>
      </object_component>
      <object_component id="oc-1b1">
         <name>.debug_info</name>
         <load_address>0x6832</load_address>
         <run_address>0x6832</run_address>
         <size>0xfe</size>
         <input_file_ref idref="fl-3"/>
      </object_component>
      <object_component id="oc-d8">
         <name>.debug_info</name>
         <load_address>0x6930</load_address>
         <run_address>0x6930</run_address>
         <size>0x7cd</size>
         <input_file_ref idref="fl-3"/>
      </object_component>
      <object_component id="oc-249">
         <name>.debug_info</name>
         <load_address>0x70fd</load_address>
         <run_address>0x70fd</run_address>
         <size>0x37cd</size>
         <input_file_ref idref="fl-3"/>
      </object_component>
      <object_component id="oc-12f">
         <name>.debug_info</name>
         <load_address>0xa8ca</load_address>
         <run_address>0xa8ca</run_address>
         <size>0x8b</size>
         <input_file_ref idref="fl-3"/>
      </object_component>
      <object_component id="oc-124">
         <name>.debug_info</name>
         <load_address>0xa955</load_address>
         <run_address>0xa955</run_address>
         <size>0xc50</size>
         <input_file_ref idref="fl-4"/>
      </object_component>
      <object_component id="oc-11b">
         <name>.debug_info</name>
         <load_address>0xb5a5</load_address>
         <run_address>0xb5a5</run_address>
         <size>0xfc</size>
         <input_file_ref idref="fl-4"/>
      </object_component>
      <object_component id="oc-11e">
         <name>.debug_info</name>
         <load_address>0xb6a1</load_address>
         <run_address>0xb6a1</run_address>
         <size>0xf1</size>
         <input_file_ref idref="fl-4"/>
      </object_component>
      <object_component id="oc-121">
         <name>.debug_info</name>
         <load_address>0xb792</load_address>
         <run_address>0xb792</run_address>
         <size>0xf1</size>
         <input_file_ref idref="fl-4"/>
      </object_component>
      <object_component id="oc-94">
         <name>.debug_info</name>
         <load_address>0xb883</load_address>
         <run_address>0xb883</run_address>
         <size>0x800</size>
         <input_file_ref idref="fl-4"/>
      </object_component>
      <object_component id="oc-1e9">
         <name>.debug_info</name>
         <load_address>0xc083</load_address>
         <run_address>0xc083</run_address>
         <size>0x37cd</size>
         <input_file_ref idref="fl-4"/>
      </object_component>
      <object_component id="oc-125">
         <name>.debug_info</name>
         <load_address>0xf850</load_address>
         <run_address>0xf850</run_address>
         <size>0xe2d</size>
         <input_file_ref idref="fl-4"/>
      </object_component>
      <object_component id="oc-1f8">
         <name>.debug_info</name>
         <load_address>0x1067d</load_address>
         <run_address>0x1067d</run_address>
         <size>0x35</size>
         <input_file_ref idref="fl-4"/>
      </object_component>
      <object_component id="oc-6f">
         <name>.debug_info</name>
         <load_address>0x106b2</load_address>
         <run_address>0x106b2</run_address>
         <size>0x2eb</size>
         <input_file_ref idref="fl-5"/>
      </object_component>
      <object_component id="oc-27">
         <name>.debug_info</name>
         <load_address>0x1099d</load_address>
         <run_address>0x1099d</run_address>
         <size>0x117</size>
         <input_file_ref idref="fl-5"/>
      </object_component>
      <object_component id="oc-68">
         <name>.debug_info</name>
         <load_address>0x10ab4</load_address>
         <run_address>0x10ab4</run_address>
         <size>0x1de</size>
         <input_file_ref idref="fl-5"/>
      </object_component>
      <object_component id="oc-178">
         <name>.debug_info</name>
         <load_address>0x10c92</load_address>
         <run_address>0x10c92</run_address>
         <size>0x110</size>
         <input_file_ref idref="fl-6"/>
      </object_component>
      <object_component id="oc-a7">
         <name>.debug_info</name>
         <load_address>0x10da2</load_address>
         <run_address>0x10da2</run_address>
         <size>0x282</size>
         <input_file_ref idref="fl-6"/>
      </object_component>
      <object_component id="oc-19e">
         <name>.debug_info</name>
         <load_address>0x11024</load_address>
         <run_address>0x11024</run_address>
         <size>0x5fd</size>
         <input_file_ref idref="fl-7"/>
      </object_component>
      <object_component id="oc-d2">
         <name>.debug_info</name>
         <load_address>0x11621</load_address>
         <run_address>0x11621</run_address>
         <size>0x283</size>
         <input_file_ref idref="fl-7"/>
      </object_component>
      <object_component id="oc-1b6">
         <name>.debug_info</name>
         <load_address>0x118a4</load_address>
         <run_address>0x118a4</run_address>
         <size>0x48a</size>
         <input_file_ref idref="fl-8"/>
      </object_component>
      <object_component id="oc-dc">
         <name>.debug_info</name>
         <load_address>0x11d2e</load_address>
         <run_address>0x11d2e</run_address>
         <size>0xbd54</size>
         <input_file_ref idref="fl-8"/>
      </object_component>
      <object_component id="oc-229">
         <name>.debug_info</name>
         <load_address>0x1da82</load_address>
         <run_address>0x1da82</run_address>
         <size>0x4f7</size>
         <input_file_ref idref="fl-c"/>
      </object_component>
      <object_component id="oc-27f">
         <name>.debug_info</name>
         <load_address>0x1df79</load_address>
         <run_address>0x1df79</run_address>
         <size>0x7ba</size>
         <input_file_ref idref="fl-e"/>
      </object_component>
      <object_component id="oc-276">
         <name>.debug_info</name>
         <load_address>0x1e733</load_address>
         <run_address>0x1e733</run_address>
         <size>0x13b</size>
         <input_file_ref idref="fl-e"/>
      </object_component>
      <object_component id="oc-1a5">
         <name>.debug_info</name>
         <load_address>0x1e86e</load_address>
         <run_address>0x1e86e</run_address>
         <size>0x28fd</size>
         <input_file_ref idref="fl-e"/>
      </object_component>
      <object_component id="oc-193">
         <name>.debug_info</name>
         <load_address>0x2116b</load_address>
         <run_address>0x2116b</run_address>
         <size>0x6c3</size>
         <input_file_ref idref="fl-13"/>
      </object_component>
      <object_component id="oc-18b">
         <name>.debug_info</name>
         <load_address>0x2182e</load_address>
         <run_address>0x2182e</run_address>
         <size>0x12d</size>
         <input_file_ref idref="fl-13"/>
      </object_component>
      <object_component id="oc-182">
         <name>.debug_info</name>
         <load_address>0x2195b</load_address>
         <run_address>0x2195b</run_address>
         <size>0x12f</size>
         <input_file_ref idref="fl-13"/>
      </object_component>
      <object_component id="oc-c4">
         <name>.debug_info</name>
         <load_address>0x21a8a</load_address>
         <run_address>0x21a8a</run_address>
         <size>0x1d73</size>
         <input_file_ref idref="fl-13"/>
      </object_component>
      <object_component id="oc-281">
         <name>.debug_info</name>
         <load_address>0x237fd</load_address>
         <run_address>0x237fd</run_address>
         <size>0x6b2</size>
         <input_file_ref idref="fl-14"/>
      </object_component>
      <object_component id="oc-1ab">
         <name>.debug_info</name>
         <load_address>0x23eaf</load_address>
         <run_address>0x23eaf</run_address>
         <size>0x3439</size>
         <input_file_ref idref="fl-14"/>
      </object_component>
      <object_component id="oc-244">
         <name>.debug_info</name>
         <load_address>0x272e8</load_address>
         <run_address>0x272e8</run_address>
         <size>0x651</size>
         <input_file_ref idref="fl-15"/>
      </object_component>
      <object_component id="oc-232">
         <name>.debug_info</name>
         <load_address>0x27939</load_address>
         <run_address>0x27939</run_address>
         <size>0x12c</size>
         <input_file_ref idref="fl-15"/>
      </object_component>
      <object_component id="oc-235">
         <name>.debug_info</name>
         <load_address>0x27a65</load_address>
         <run_address>0x27a65</run_address>
         <size>0x124</size>
         <input_file_ref idref="fl-15"/>
      </object_component>
      <object_component id="oc-238">
         <name>.debug_info</name>
         <load_address>0x27b89</load_address>
         <run_address>0x27b89</run_address>
         <size>0x128</size>
         <input_file_ref idref="fl-15"/>
      </object_component>
      <object_component id="oc-23b">
         <name>.debug_info</name>
         <load_address>0x27cb1</load_address>
         <run_address>0x27cb1</run_address>
         <size>0x12a</size>
         <input_file_ref idref="fl-15"/>
      </object_component>
      <object_component id="oc-23e">
         <name>.debug_info</name>
         <load_address>0x27ddb</load_address>
         <run_address>0x27ddb</run_address>
         <size>0x12c</size>
         <input_file_ref idref="fl-15"/>
      </object_component>
      <object_component id="oc-241">
         <name>.debug_info</name>
         <load_address>0x27f07</load_address>
         <run_address>0x27f07</run_address>
         <size>0x130</size>
         <input_file_ref idref="fl-15"/>
      </object_component>
      <object_component id="oc-22f">
         <name>.debug_info</name>
         <load_address>0x28037</load_address>
         <run_address>0x28037</run_address>
         <size>0x131</size>
         <input_file_ref idref="fl-15"/>
      </object_component>
      <object_component id="oc-186">
         <name>.debug_info</name>
         <load_address>0x28168</load_address>
         <run_address>0x28168</run_address>
         <size>0x151c</size>
         <input_file_ref idref="fl-15"/>
      </object_component>
      <object_component id="oc-1b8">
         <name>.debug_info</name>
         <load_address>0x29684</load_address>
         <run_address>0x29684</run_address>
         <size>0x580</size>
         <input_file_ref idref="fl-19"/>
      </object_component>
      <object_component id="oc-e3">
         <name>.debug_info</name>
         <load_address>0x29c04</load_address>
         <run_address>0x29c04</run_address>
         <size>0x2ca</size>
         <input_file_ref idref="fl-19"/>
      </object_component>
      <object_component id="oc-325">
         <name>.debug_info</name>
         <load_address>0x29ece</load_address>
         <run_address>0x29ece</run_address>
         <size>0x589</size>
         <input_file_ref idref="fl-1f"/>
      </object_component>
      <object_component id="oc-27b">
         <name>.debug_info</name>
         <load_address>0x2a457</load_address>
         <run_address>0x2a457</run_address>
         <size>0x11c9</size>
         <input_file_ref idref="fl-1f"/>
      </object_component>
      <object_component id="oc-1ba">
         <name>.debug_info</name>
         <load_address>0x2b620</load_address>
         <run_address>0x2b620</run_address>
         <size>0x6e7</size>
         <input_file_ref idref="fl-23"/>
      </object_component>
      <object_component id="oc-e8">
         <name>.debug_info</name>
         <load_address>0x2bd07</load_address>
         <run_address>0x2bd07</run_address>
         <size>0x2971</size>
         <input_file_ref idref="fl-23"/>
      </object_component>
      <object_component id="oc-195">
         <name>.debug_info</name>
         <load_address>0x2e678</load_address>
         <run_address>0x2e678</run_address>
         <size>0x6ad</size>
         <input_file_ref idref="fl-24"/>
      </object_component>
      <object_component id="oc-ca">
         <name>.debug_info</name>
         <load_address>0x2ed25</load_address>
         <run_address>0x2ed25</run_address>
         <size>0x1997</size>
         <input_file_ref idref="fl-24"/>
      </object_component>
      <object_component id="oc-1d0">
         <name>.debug_info</name>
         <load_address>0x306bc</load_address>
         <run_address>0x306bc</run_address>
         <size>0x2e4</size>
         <input_file_ref idref="fl-df"/>
      </object_component>
      <object_component id="oc-fe">
         <name>.debug_info</name>
         <load_address>0x309a0</load_address>
         <run_address>0x309a0</run_address>
         <size>0x7c4</size>
         <input_file_ref idref="fl-df"/>
      </object_component>
      <object_component id="oc-297">
         <name>.debug_info</name>
         <load_address>0x31164</load_address>
         <run_address>0x31164</run_address>
         <size>0x46</size>
         <input_file_ref idref="fl-df"/>
      </object_component>
      <object_component id="oc-1c8">
         <name>.debug_info</name>
         <load_address>0x311aa</load_address>
         <run_address>0x311aa</run_address>
         <size>0x39</size>
         <input_file_ref idref="fl-df"/>
      </object_component>
      <object_component id="oc-1cd">
         <name>.debug_info</name>
         <load_address>0x311e3</load_address>
         <run_address>0x311e3</run_address>
         <size>0x2c5</size>
         <input_file_ref idref="fl-e0"/>
      </object_component>
      <object_component id="oc-f3">
         <name>.debug_info</name>
         <load_address>0x314a8</load_address>
         <run_address>0x314a8</run_address>
         <size>0x24e</size>
         <input_file_ref idref="fl-e0"/>
      </object_component>
      <object_component id="oc-1df">
         <name>.debug_info</name>
         <load_address>0x316f6</load_address>
         <run_address>0x316f6</run_address>
         <size>0x2ab</size>
         <input_file_ref idref="fl-e1"/>
      </object_component>
      <object_component id="oc-10e">
         <name>.debug_info</name>
         <load_address>0x319a1</load_address>
         <run_address>0x319a1</run_address>
         <size>0x214</size>
         <input_file_ref idref="fl-e1"/>
      </object_component>
      <object_component id="oc-263">
         <name>.debug_info</name>
         <load_address>0x31bb5</load_address>
         <run_address>0x31bb5</run_address>
         <size>0x340</size>
         <input_file_ref idref="fl-e2"/>
      </object_component>
      <object_component id="oc-199">
         <name>.debug_info</name>
         <load_address>0x31ef5</load_address>
         <run_address>0x31ef5</run_address>
         <size>0x208</size>
         <input_file_ref idref="fl-e2"/>
      </object_component>
      <object_component id="oc-257">
         <name>.debug_info</name>
         <load_address>0x320fd</load_address>
         <run_address>0x320fd</run_address>
         <size>0x1c6</size>
         <input_file_ref idref="fl-e2"/>
      </object_component>
      <object_component id="oc-25e">
         <name>.debug_info</name>
         <load_address>0x322c3</load_address>
         <run_address>0x322c3</run_address>
         <size>0x179</size>
         <input_file_ref idref="fl-e2"/>
      </object_component>
      <object_component id="oc-264">
         <name>.debug_info</name>
         <load_address>0x3243c</load_address>
         <run_address>0x3243c</run_address>
         <size>0x2c</size>
         <input_file_ref idref="fl-e2"/>
      </object_component>
      <object_component id="oc-269">
         <name>.debug_info</name>
         <load_address>0x32468</load_address>
         <run_address>0x32468</run_address>
         <size>0x69</size>
         <input_file_ref idref="fl-e2"/>
      </object_component>
      <object_component id="oc-1bd">
         <name>.debug_info</name>
         <load_address>0x324d1</load_address>
         <run_address>0x324d1</run_address>
         <size>0x14c</size>
         <input_file_ref idref="fl-e3"/>
      </object_component>
      <object_component id="oc-1da">
         <name>.debug_info</name>
         <load_address>0x3261d</load_address>
         <run_address>0x3261d</run_address>
         <size>0x128</size>
         <input_file_ref idref="fl-e4"/>
      </object_component>
      <object_component id="oc-2a1">
         <name>.debug_info</name>
         <load_address>0x32745</load_address>
         <run_address>0x32745</run_address>
         <size>0x12a</size>
         <input_file_ref idref="fl-e4"/>
      </object_component>
      <object_component id="oc-10a">
         <name>.debug_info</name>
         <load_address>0x3286f</load_address>
         <run_address>0x3286f</run_address>
         <size>0x13a</size>
         <input_file_ref idref="fl-e5"/>
      </object_component>
      <object_component id="oc-104">
         <name>.debug_info</name>
         <load_address>0x329a9</load_address>
         <run_address>0x329a9</run_address>
         <size>0x13a</size>
         <input_file_ref idref="fl-e6"/>
      </object_component>
      <object_component id="oc-fa">
         <name>.debug_info</name>
         <load_address>0x32ae3</load_address>
         <run_address>0x32ae3</run_address>
         <size>0x13e</size>
         <input_file_ref idref="fl-e7"/>
      </object_component>
      <object_component id="oc-ee">
         <name>.debug_info</name>
         <load_address>0x32c21</load_address>
         <run_address>0x32c21</run_address>
         <size>0x12c</size>
         <input_file_ref idref="fl-e8"/>
      </object_component>
      <object_component id="oc-38">
         <name>.debug_info</name>
         <load_address>0x32d4d</load_address>
         <run_address>0x32d4d</run_address>
         <size>0x119</size>
         <input_file_ref idref="fl-e9"/>
      </object_component>
      <object_component id="oc-8a">
         <name>.debug_info</name>
         <load_address>0x32e66</load_address>
         <run_address>0x32e66</run_address>
         <size>0x147</size>
         <input_file_ref idref="fl-ea"/>
      </object_component>
      <object_component id="oc-86">
         <name>.debug_info</name>
         <load_address>0x32fad</load_address>
         <run_address>0x32fad</run_address>
         <size>0x2d4</size>
         <input_file_ref idref="fl-eb"/>
      </object_component>
      <object_component id="oc-44">
         <name>.debug_info</name>
         <load_address>0x33281</load_address>
         <run_address>0x33281</run_address>
         <size>0x1d2</size>
         <input_file_ref idref="fl-eb"/>
      </object_component>
      <object_component id="oc-81">
         <name>.debug_info</name>
         <load_address>0x33453</load_address>
         <run_address>0x33453</run_address>
         <size>0x46</size>
         <input_file_ref idref="fl-eb"/>
      </object_component>
      <object_component id="oc-ba">
         <name>.debug_info</name>
         <load_address>0x33499</load_address>
         <run_address>0x33499</run_address>
         <size>0x2c</size>
         <input_file_ref idref="fl-eb"/>
      </object_component>
      <object_component id="oc-42">
         <name>.debug_info</name>
         <load_address>0x334c5</load_address>
         <run_address>0x334c5</run_address>
         <size>0x2a8</size>
         <input_file_ref idref="fl-ec"/>
      </object_component>
      <object_component id="oc-20">
         <name>.debug_info</name>
         <load_address>0x3376d</load_address>
         <run_address>0x3376d</run_address>
         <size>0x1ea</size>
         <input_file_ref idref="fl-ec"/>
      </object_component>
      <object_component id="oc-3d">
         <name>.debug_info</name>
         <load_address>0x33957</load_address>
         <run_address>0x33957</run_address>
         <size>0x46</size>
         <input_file_ref idref="fl-ec"/>
      </object_component>
      <object_component id="oc-79">
         <name>.debug_info</name>
         <load_address>0x3399d</load_address>
         <run_address>0x3399d</run_address>
         <size>0x2c</size>
         <input_file_ref idref="fl-ec"/>
      </object_component>
      <object_component id="oc-77">
         <name>.debug_info</name>
         <load_address>0x339c9</load_address>
         <run_address>0x339c9</run_address>
         <size>0x29e</size>
         <input_file_ref idref="fl-ed"/>
      </object_component>
      <object_component id="oc-18">
         <name>.debug_info</name>
         <load_address>0x33c67</load_address>
         <run_address>0x33c67</run_address>
         <size>0x250</size>
         <input_file_ref idref="fl-ed"/>
      </object_component>
      <object_component id="oc-2d">
         <name>.debug_info</name>
         <load_address>0x33eb7</load_address>
         <run_address>0x33eb7</run_address>
         <size>0x60</size>
         <input_file_ref idref="fl-ed"/>
      </object_component>
      <object_component id="oc-b3">
         <name>.debug_info</name>
         <load_address>0x33f17</load_address>
         <run_address>0x33f17</run_address>
         <size>0x46</size>
         <input_file_ref idref="fl-ed"/>
      </object_component>
      <object_component id="oc-72">
         <name>.debug_info</name>
         <load_address>0x33f5d</load_address>
         <run_address>0x33f5d</run_address>
         <size>0x39</size>
         <input_file_ref idref="fl-ed"/>
      </object_component>
      <object_component id="oc-2a">
         <name>.debug_info</name>
         <load_address>0x33f96</load_address>
         <run_address>0x33f96</run_address>
         <size>0x10b</size>
         <input_file_ref idref="fl-ee"/>
      </object_component>
      <object_component id="oc-56">
         <name>.debug_info</name>
         <load_address>0x340a1</load_address>
         <run_address>0x340a1</run_address>
         <size>0x1a9</size>
         <input_file_ref idref="fl-ee"/>
      </object_component>
      <object_component id="oc-296">
         <name>.debug_info</name>
         <load_address>0x3424a</load_address>
         <run_address>0x3424a</run_address>
         <size>0x289</size>
         <input_file_ref idref="fl-ef"/>
      </object_component>
      <object_component id="oc-293">
         <name>.debug_info</name>
         <load_address>0x344d3</load_address>
         <run_address>0x344d3</run_address>
         <size>0x10e</size>
         <input_file_ref idref="fl-ef"/>
      </object_component>
      <object_component id="oc-1c3">
         <name>.debug_info</name>
         <load_address>0x345e1</load_address>
         <run_address>0x345e1</run_address>
         <size>0x14e</size>
         <input_file_ref idref="fl-ef"/>
      </object_component>
      <object_component id="oc-2a6">
         <name>.debug_info</name>
         <load_address>0x3472f</load_address>
         <run_address>0x3472f</run_address>
         <size>0x28a</size>
         <input_file_ref idref="fl-f0"/>
      </object_component>
      <object_component id="oc-1d4">
         <name>.debug_info</name>
         <load_address>0x349b9</load_address>
         <run_address>0x349b9</run_address>
         <size>0x22a</size>
         <input_file_ref idref="fl-f0"/>
      </object_component>
      <object_component id="oc-313">
         <name>.debug_info</name>
         <load_address>0x34be3</load_address>
         <run_address>0x34be3</run_address>
         <size>0x590</size>
         <input_file_ref idref="fl-f1"/>
      </object_component>
      <object_component id="oc-2e9">
         <name>.debug_info</name>
         <load_address>0x35173</load_address>
         <run_address>0x35173</run_address>
         <size>0x21e</size>
         <input_file_ref idref="fl-f1"/>
      </object_component>
      <object_component id="oc-363">
         <name>.debug_info</name>
         <load_address>0x35391</load_address>
         <run_address>0x35391</run_address>
         <size>0x1b3</size>
         <input_file_ref idref="fl-f1"/>
      </object_component>
      <object_component id="oc-369">
         <name>.debug_info</name>
         <load_address>0x35544</load_address>
         <run_address>0x35544</run_address>
         <size>0x21b</size>
         <input_file_ref idref="fl-f1"/>
      </object_component>
      <object_component id="oc-2ef">
         <name>.debug_info</name>
         <load_address>0x3575f</load_address>
         <run_address>0x3575f</run_address>
         <size>0x3c0</size>
         <input_file_ref idref="fl-f1"/>
      </object_component>
      <object_component id="oc-370">
         <name>.debug_info</name>
         <load_address>0x35b1f</load_address>
         <run_address>0x35b1f</run_address>
         <size>0x30a</size>
         <input_file_ref idref="fl-f1"/>
      </object_component>
      <object_component id="oc-376">
         <name>.debug_info</name>
         <load_address>0x35e29</load_address>
         <run_address>0x35e29</run_address>
         <size>0x215</size>
         <input_file_ref idref="fl-f1"/>
      </object_component>
      <object_component id="oc-2f5">
         <name>.debug_info</name>
         <load_address>0x3603e</load_address>
         <run_address>0x3603e</run_address>
         <size>0x215</size>
         <input_file_ref idref="fl-f1"/>
      </object_component>
      <object_component id="oc-2fb">
         <name>.debug_info</name>
         <load_address>0x36253</load_address>
         <run_address>0x36253</run_address>
         <size>0x304</size>
         <input_file_ref idref="fl-f1"/>
      </object_component>
      <object_component id="oc-301">
         <name>.debug_info</name>
         <load_address>0x36557</load_address>
         <run_address>0x36557</run_address>
         <size>0x4b5</size>
         <input_file_ref idref="fl-f1"/>
      </object_component>
      <object_component id="oc-251">
         <name>.debug_info</name>
         <load_address>0x36a0c</load_address>
         <run_address>0x36a0c</run_address>
         <size>0x5f4</size>
         <input_file_ref idref="fl-f1"/>
      </object_component>
      <object_component id="oc-314">
         <name>.debug_info</name>
         <load_address>0x37000</load_address>
         <run_address>0x37000</run_address>
         <size>0x86</size>
         <input_file_ref idref="fl-f1"/>
      </object_component>
      <object_component id="oc-39b">
         <name>.debug_info</name>
         <load_address>0x37086</load_address>
         <run_address>0x37086</run_address>
         <size>0x39</size>
         <input_file_ref idref="fl-f1"/>
      </object_component>
      <object_component id="oc-3d6">
         <name>.debug_info</name>
         <load_address>0x370bf</load_address>
         <run_address>0x370bf</run_address>
         <size>0xb6</size>
         <input_file_ref idref="fl-f1"/>
      </object_component>
      <object_component id="oc-3a0">
         <name>.debug_info</name>
         <load_address>0x37175</load_address>
         <run_address>0x37175</run_address>
         <size>0x46</size>
         <input_file_ref idref="fl-f1"/>
      </object_component>
      <object_component id="oc-319">
         <name>.debug_info</name>
         <load_address>0x371bb</load_address>
         <run_address>0x371bb</run_address>
         <size>0x46</size>
         <input_file_ref idref="fl-f1"/>
      </object_component>
      <object_component id="oc-353">
         <name>.debug_info</name>
         <load_address>0x37201</load_address>
         <run_address>0x37201</run_address>
         <size>0x12e</size>
         <input_file_ref idref="fl-f2"/>
      </object_component>
      <object_component id="oc-35f">
         <name>.debug_info</name>
         <load_address>0x3732f</load_address>
         <run_address>0x3732f</run_address>
         <size>0x12c</size>
         <input_file_ref idref="fl-f3"/>
      </object_component>
      <object_component id="oc-34f">
         <name>.debug_info</name>
         <load_address>0x3745b</load_address>
         <run_address>0x3745b</run_address>
         <size>0x134</size>
         <input_file_ref idref="fl-f4"/>
      </object_component>
      <object_component id="oc-208">
         <name>.debug_info</name>
         <load_address>0x3758f</load_address>
         <run_address>0x3758f</run_address>
         <size>0x4b3</size>
         <input_file_ref idref="fl-f5"/>
      </object_component>
      <object_component id="oc-147">
         <name>.debug_info</name>
         <load_address>0x37a42</load_address>
         <run_address>0x37a42</run_address>
         <size>0x1a6</size>
         <input_file_ref idref="fl-f5"/>
      </object_component>
      <object_component id="oc-2ba">
         <name>.debug_info</name>
         <load_address>0x37be8</load_address>
         <run_address>0x37be8</run_address>
         <size>0x39</size>
         <input_file_ref idref="fl-f5"/>
      </object_component>
      <object_component id="oc-339">
         <name>.debug_info</name>
         <load_address>0x37c21</load_address>
         <run_address>0x37c21</run_address>
         <size>0x39</size>
         <input_file_ref idref="fl-f5"/>
      </object_component>
      <object_component id="oc-2bf">
         <name>.debug_info</name>
         <load_address>0x37c5a</load_address>
         <run_address>0x37c5a</run_address>
         <size>0x39</size>
         <input_file_ref idref="fl-f5"/>
      </object_component>
      <object_component id="oc-2c4">
         <name>.debug_info</name>
         <load_address>0x37c93</load_address>
         <run_address>0x37c93</run_address>
         <size>0xcd</size>
         <input_file_ref idref="fl-f5"/>
      </object_component>
      <object_component id="oc-8e">
         <name>.debug_info</name>
         <load_address>0x37d60</load_address>
         <run_address>0x37d60</run_address>
         <size>0x153</size>
         <input_file_ref idref="fl-f6"/>
      </object_component>
      <object_component id="oc-13d">
         <name>.debug_info</name>
         <load_address>0x37eb3</load_address>
         <run_address>0x37eb3</run_address>
         <size>0x122</size>
         <input_file_ref idref="fl-f8"/>
      </object_component>
      <object_component id="oc-3b6">
         <name>.debug_info</name>
         <load_address>0x37fd5</load_address>
         <run_address>0x37fd5</run_address>
         <size>0x29c</size>
         <input_file_ref idref="fl-fa"/>
      </object_component>
      <object_component id="oc-35b">
         <name>.debug_info</name>
         <load_address>0x38271</load_address>
         <run_address>0x38271</run_address>
         <size>0x1da</size>
         <input_file_ref idref="fl-fa"/>
      </object_component>
      <object_component id="oc-34b">
         <name>.debug_info</name>
         <load_address>0x3844b</load_address>
         <run_address>0x3844b</run_address>
         <size>0x2b9</size>
         <input_file_ref idref="fl-fc"/>
      </object_component>
      <object_component id="oc-2e4">
         <name>.debug_info</name>
         <load_address>0x38704</load_address>
         <run_address>0x38704</run_address>
         <size>0x17c</size>
         <input_file_ref idref="fl-fc"/>
      </object_component>
      <object_component id="oc-3ab">
         <name>.debug_info</name>
         <load_address>0x38880</load_address>
         <run_address>0x38880</run_address>
         <size>0xf9</size>
         <input_file_ref idref="fl-fd"/>
      </object_component>
      <object_component id="oc-348">
         <name>.debug_info</name>
         <load_address>0x38979</load_address>
         <run_address>0x38979</run_address>
         <size>0x105</size>
         <input_file_ref idref="fl-fd"/>
      </object_component>
      <object_component id="oc-391">
         <name>.debug_info</name>
         <load_address>0x38a7e</load_address>
         <run_address>0x38a7e</run_address>
         <size>0x2a7</size>
         <input_file_ref idref="fl-fe"/>
      </object_component>
      <object_component id="oc-307">
         <name>.debug_info</name>
         <load_address>0x38d25</load_address>
         <run_address>0x38d25</run_address>
         <size>0x1b8</size>
         <input_file_ref idref="fl-fe"/>
      </object_component>
      <object_component id="oc-3cc">
         <name>.debug_info</name>
         <load_address>0x38edd</load_address>
         <run_address>0x38edd</run_address>
         <size>0x29a</size>
         <input_file_ref idref="fl-ff"/>
      </object_component>
      <object_component id="oc-38c">
         <name>.debug_info</name>
         <load_address>0x39177</load_address>
         <run_address>0x39177</run_address>
         <size>0x262</size>
         <input_file_ref idref="fl-ff"/>
      </object_component>
      <object_component id="oc-346">
         <name>.debug_info</name>
         <load_address>0x393d9</load_address>
         <run_address>0x393d9</run_address>
         <size>0x28f</size>
         <input_file_ref idref="fl-100"/>
      </object_component>
      <object_component id="oc-2dd">
         <name>.debug_info</name>
         <load_address>0x39668</load_address>
         <run_address>0x39668</run_address>
         <size>0x245</size>
         <input_file_ref idref="fl-100"/>
      </object_component>
      <object_component id="oc-398">
         <name>.debug_info</name>
         <load_address>0x398ad</load_address>
         <run_address>0x398ad</run_address>
         <size>0x28f</size>
         <input_file_ref idref="fl-101"/>
      </object_component>
      <object_component id="oc-30e">
         <name>.debug_info</name>
         <load_address>0x39b3c</load_address>
         <run_address>0x39b3c</run_address>
         <size>0x15a</size>
         <input_file_ref idref="fl-101"/>
      </object_component>
      <object_component id="oc-3cf">
         <name>.debug_info</name>
         <load_address>0x39c96</load_address>
         <run_address>0x39c96</run_address>
         <size>0x46</size>
         <input_file_ref idref="fl-101"/>
      </object_component>
      <object_component id="oc-393">
         <name>.debug_info</name>
         <load_address>0x39cdc</load_address>
         <run_address>0x39cdc</run_address>
         <size>0x39</size>
         <input_file_ref idref="fl-101"/>
      </object_component>
      <object_component id="oc-3bd">
         <name>.debug_info</name>
         <load_address>0x39d15</load_address>
         <run_address>0x39d15</run_address>
         <size>0x295</size>
         <input_file_ref idref="fl-102"/>
      </object_component>
      <object_component id="oc-37e">
         <name>.debug_info</name>
         <load_address>0x39faa</load_address>
         <run_address>0x39faa</run_address>
         <size>0x195</size>
         <input_file_ref idref="fl-102"/>
      </object_component>
      <object_component id="oc-3e2">
         <name>.debug_info</name>
         <load_address>0x3a13f</load_address>
         <run_address>0x3a13f</run_address>
         <size>0x39</size>
         <input_file_ref idref="fl-102"/>
      </object_component>
      <object_component id="oc-3be">
         <name>.debug_info</name>
         <load_address>0x3a178</load_address>
         <run_address>0x3a178</run_address>
         <size>0x2c</size>
[...]
         <value>0x719d</value>
         <object_component_ref idref="oc-e7"/>
      </symbol>
      <symbol id="sm-827">
         <name>Timer_A_disableInterrupt</name>
         <value>0x70fb</value>
         <object_component_ref idref="oc-e7"/>
      </symbol>
      <symbol id="sm-828">
         <name>Timer_A_configureContinuousMode</name>
         <value>0x6d4f</value>
         <object_component_ref idref="oc-e7"/>
      </symbol>
      <symbol id="sm-829">
         <name>Timer_A_getCaptureCompareEnabledInterruptStatus</name>
         <value>0x71b5</value>
         <object_component_ref idref="oc-e7"/>
      </symbol>
      <symbol id="sm-82a">
         <name>Timer_A_getInterruptStatus</name>
         <value>0x710f</value>
         <object_component_ref idref="oc-e7"/>
      </symbol>
      <symbol id="sm-82b">
         <name>Timer_A_enableInterrupt</name>
         <value>0x70e7</value>
         <object_component_ref idref="oc-e7"/>
      </symbol>
      <symbol id="sm-82c">
         <name>Timer_A_unregisterInterrupt</name>
         <value>0x72c3</value>
         <object_component_ref idref="oc-e7"/>
      </symbol>
      <symbol id="sm-87e">
         <name>UART_unregisterInterrupt</name>
         <value>0x801d</value>
         <object_component_ref idref="oc-c9"/>
      </symbol>
      <symbol id="sm-87f">
         <name>UART_enableInterrupt</name>
         <value>0x7ea9</value>
         <object_component_ref idref="oc-c9"/>
      </symbol>
      <symbol id="sm-880">
         <name>UART_receiveData</name>
         <value>0x7d7f</value>
         <object_component_ref idref="oc-c9"/>
      </symbol>
      <symbol id="sm-881">
         <name>UART_enableModule</name>
         <value>0x7da5</value>
         <object_component_ref idref="oc-c9"/>
      </symbol>
      <symbol id="sm-882">
         <name>UART_disableModule</name>
         <value>0x7dbb</value>
         <object_component_ref idref="oc-c9"/>
      </symbol>
      <symbol id="sm-883">
         <name>UART_getEnabledInterruptStatus</name>
         <value>0x7f25</value>
         <object_component_ref idref="oc-c9"/>
      </symbol>
      <symbol id="sm-884">
         <name>UART_transmitData</name>
         <value>0x7d55</value>
         <object_component_ref idref="oc-c9"/>
      </symbol>
      <symbol id="sm-885">
         <name>UART_transmitBreak</name>
         <value>0x7e2b</value>
         <object_component_ref idref="oc-c9"/>
      </symbol>
      <symbol id="sm-886">
         <name>UART_registerInterrupt</name>
         <value>0x7fa1</value>
         <object_component_ref idref="oc-c9"/>
      </symbol>
      <symbol id="sm-887">
         <name>UART_selectDeglitchTime</name>
         <value>0x7e8d</value>
         <object_component_ref idref="oc-c9"/>
      </symbol>
      <symbol id="sm-888">
         <name>UART_getInterruptStatus</name>
         <value>0x7f09</value>
         <object_component_ref idref="oc-c9"/>
      </symbol>
      <symbol id="sm-889">
         <name>UART_getReceiveBufferAddressForDMA</name>
         <value>0x7e71</value>
         <object_component_ref idref="oc-c9"/>
      </symbol>
      <symbol id="sm-88a">
         <name>UART_getTransmitBufferAddressForDMA</name>
         <value>0x7e7f</value>
         <object_component_ref idref="oc-c9"/>
      </symbol>
      <symbol id="sm-88b">
         <name>UART_initModule</name>
         <value>0x7c6d</value>
         <object_component_ref idref="oc-c9"/>
      </symbol>
      <symbol id="sm-88c">
         <name>UART_transmitAddress</name>
         <value>0x7e0d</value>
         <object_component_ref idref="oc-c9"/>
      </symbol>
      <symbol id="sm-88d">
         <name>UART_clearInterruptFlag</name>
         <value>0x7f81</value>
         <object_component_ref idref="oc-c9"/>
      </symbol>
      <symbol id="sm-88e">
         <name>UART_queryStatusFlags</name>
         <value>0x7dd1</value>
         <object_component_ref idref="oc-c9"/>
      </symbol>
      <symbol id="sm-88f">
         <name>UART_disableInterrupt</name>
         <value>0x7ed9</value>
         <object_component_ref idref="oc-c9"/>
      </symbol>
      <symbol id="sm-890">
         <name>UART_setDormant</name>
         <value>0x7de5</value>
         <object_component_ref idref="oc-c9"/>
      </symbol>
      <symbol id="sm-891">
         <name>UART_resetDormant</name>
         <value>0x7df9</value>
         <object_component_ref idref="oc-c9"/>
      </symbol>
      <symbol id="sm-8ce">
         <name>acosl</name>
         <value>0x8089</value>
         <object_component_ref idref="oc-fd"/>
      </symbol>
      <symbol id="sm-8cf">
         <name>acos</name>
         <value>0x8089</value>
         <object_component_ref idref="oc-fd"/>
      </symbol>
      <symbol id="sm-8f1">
         <name>sqrtl</name>
         <value>0x95c9</value>
         <object_component_ref idref="oc-f2"/>
      </symbol>
      <symbol id="sm-8f2">
         <name>sqrt</name>
         <value>0x95c9</value>
         <object_component_ref idref="oc-f2"/>
      </symbol>
      <symbol id="sm-90a">
         <name>roundl</name>
         <value>0x9dbd</value>
         <object_component_ref idref="oc-10d"/>
      </symbol>
      <symbol id="sm-90b">
         <name>round</name>
         <value>0x9dbd</value>
         <object_component_ref idref="oc-10d"/>
      </symbol>
      <symbol id="sm-93a">
         <name>vsnprintf</name>
         <value>0xa6d9</value>
         <object_component_ref idref="oc-196"/>
      </symbol>
      <symbol id="sm-951">
         <name>__aeabi_dsub</name>
         <value>0x9411</value>
         <object_component_ref idref="oc-1bc"/>
      </symbol>
      <symbol id="sm-952">
         <name>__aeabi_dadd</name>
         <value>0x941b</value>
         <object_component_ref idref="oc-1bc"/>
      </symbol>
      <symbol id="sm-974">
         <name>__aeabi_cdcmpeq</name>
         <value>0xa103</value>
         <object_component_ref idref="oc-1d9"/>
      </symbol>
      <symbol id="sm-975">
         <name>__aeabi_cdcmple</name>
         <value>0xa103</value>
         <object_component_ref idref="oc-1d9"/>
      </symbol>
      <symbol id="sm-976">
         <name>__aeabi_cdrcmple</name>
         <value>0xa189</value>
         <object_component_ref idref="oc-2a0"/>
      </symbol>
      <symbol id="sm-98a">
         <name>__aeabi_ddiv</name>
         <value>0x985d</value>
         <object_component_ref idref="oc-108"/>
      </symbol>
      <symbol id="sm-995">
         <name>__aeabi_dmul</name>
         <value>0x9bc9</value>
         <object_component_ref idref="oc-103"/>
      </symbol>
      <symbol id="sm-9a1">
         <name>__aeabi_d2f</name>
         <value>0xa2f7</value>
         <object_component_ref idref="oc-f8"/>
      </symbol>
      <symbol id="sm-9ac">
         <name>__aeabi_f2d</name>
         <value>0xa795</value>
         <object_component_ref idref="oc-ed"/>
      </symbol>
      <symbol id="sm-9c7">
         <name>memcpy</name>
         <value>0x9fd1</value>
         <object_component_ref idref="oc-37"/>
      </symbol>
      <symbol id="sm-9c8">
         <name>__aeabi_memcpy</name>
         <value>0x9fd1</value>
         <object_component_ref idref="oc-37"/>
      </symbol>
      <symbol id="sm-9c9">
         <name>__aeabi_memcpy8</name>
         <value>0x9fd1</value>
         <object_component_ref idref="oc-37"/>
      </symbol>
      <symbol id="sm-9ca">
         <name>__aeabi_memcpy4</name>
         <value>0x9fd1</value>
         <object_component_ref idref="oc-37"/>
      </symbol>
      <symbol id="sm-9d9">
         <name>__aeabi_memset</name>
         <value>0xa211</value>
         <object_component_ref idref="oc-87"/>
      </symbol>
      <symbol id="sm-9da">
         <name>memset</name>
         <value>0xa217</value>
         <object_component_ref idref="oc-87"/>
      </symbol>
      <symbol id="sm-9db">
         <name>__aeabi_memset8</name>
         <value>0xa211</value>
         <object_component_ref idref="oc-87"/>
      </symbol>
      <symbol id="sm-9dc">
         <name>__aeabi_memset4</name>
         <value>0xa211</value>
         <object_component_ref idref="oc-87"/>
      </symbol>
      <symbol id="sm-9dd">
         <name>__aeabi_memclr8</name>
         <value>0xa20f</value>
         <object_component_ref idref="oc-87"/>
      </symbol>
      <symbol id="sm-9de">
         <name>__aeabi_memclr4</name>
         <value>0xa20f</value>
         <object_component_ref idref="oc-87"/>
      </symbol>
      <symbol id="sm-9df">
         <name>__aeabi_memclr</name>
         <value>0xa20f</value>
         <object_component_ref idref="oc-87"/>
      </symbol>
      <symbol id="sm-9f8">
         <name>__TI_zero_init_nomemset</name>
         <value>0xa85f</value>
         <object_component_ref idref="oc-43"/>
      </symbol>
      <symbol id="sm-a0f">
         <name>__TI_decompress_none</name>
         <value>0xa905</value>
         <object_component_ref idref="oc-1d"/>
      </symbol>
      <symbol id="sm-a32">
         <name>__TI_decompress_lzss</name>
         <value>0xa3d1</value>
         <object_component_ref idref="oc-17"/>
      </symbol>
      <symbol id="sm-a45">
         <name>__stack</name>
         <value>0x2000fe00</value>
         <object_component_ref idref="oc-29"/>
      </symbol>
      <symbol id="sm-a46">
         <name>_c_int00_noargs</name>
         <value>0xa7cd</value>
         <object_component_ref idref="oc-55"/>
      </symbol>
      <symbol id="sm-a5c">
         <name>__aeabi_errno_addr</name>
         <value>0xa921</value>
         <object_component_ref idref="oc-1c1"/>
      </symbol>
      <symbol id="sm-a5d">
         <name>errno</name>
         <value>0x20000204</value>
         <object_component_ref idref="oc-292"/>
      </symbol>
      <symbol id="sm-a7a">
         <name>floorl</name>
         <value>0x9cc5</value>
         <object_component_ref idref="oc-1d3"/>
      </symbol>
      <symbol id="sm-a7b">
         <name>floor</name>
         <value>0x9cc5</value>
         <object_component_ref idref="oc-1d3"/>
      </symbol>
      <symbol id="sm-be0">
         <name>__TI_printfi</name>
         <value>0x59a1</value>
         <object_component_ref idref="oc-250"/>
      </symbol>
      <symbol id="sm-bea">
         <name>__aeabi_d2iz</name>
         <value>0xa64d</value>
         <object_component_ref idref="oc-352"/>
      </symbol>
      <symbol id="sm-bf4">
         <name>__aeabi_i2d</name>
         <value>0xa831</value>
         <object_component_ref idref="oc-35d"/>
      </symbol>
      <symbol id="sm-c01">
         <name>__aeabi_uldivmod</name>
         <value>0xa06d</value>
         <object_component_ref idref="oc-34c"/>
      </symbol>
      <symbol id="sm-c29">
         <name>__TI_auto_init_nobinit_nopinit</name>
         <value>0xa695</value>
         <object_component_ref idref="oc-145"/>
      </symbol>
      <symbol id="sm-c33">
         <name>_system_pre_init</name>
         <value>0xa929</value>
         <object_component_ref idref="oc-8d"/>
      </symbol>
      <symbol id="sm-c3f">
         <name>C$$EXIT</name>
         <value>0xa92d</value>
         <object_component_ref idref="oc-139"/>
      </symbol>
      <symbol id="sm-c40">
         <name>abort</name>
         <value>0xa92d</value>
         <object_component_ref idref="oc-139"/>
      </symbol>
      <symbol id="sm-c50">
         <name>__TI_ltoa</name>
         <value>0xa55b</value>
         <object_component_ref idref="oc-357"/>
      </symbol>
      <symbol id="sm-c67">
         <name>atoi</name>
         <value>0xa601</value>
         <object_component_ref idref="oc-2e2"/>
      </symbol>
      <symbol id="sm-c72">
         <name>_ctypes_</name>
         <value>0xa930</value>
         <object_component_ref idref="oc-347"/>
      </symbol>
      <symbol id="sm-c82">
         <name>memccpy</name>
         <value>0xa87b</value>
         <object_component_ref idref="oc-306"/>
      </symbol>
      <symbol id="sm-c92">
         <name>strchr</name>
         <value>0xa8c9</value>
         <object_component_ref idref="oc-389"/>
      </symbol>
      <symbol id="sm-ca0">
         <name>strlen</name>
         <value>0xa8df</value>
         <object_component_ref idref="oc-2dc"/>
      </symbol>
      <symbol id="sm-cb9">
         <name>wcslen</name>
         <value>0xa8f3</value>
         <object_component_ref idref="oc-30c"/>
      </symbol>
      <symbol id="sm-cd9">
         <name>frexpl</name>
         <value>0xa4a1</value>
         <object_component_ref idref="oc-37d"/>
      </symbol>
      <symbol id="sm-cda">
         <name>frexp</name>
         <value>0xa4a1</value>
         <object_component_ref idref="oc-37d"/>
      </symbol>
      <symbol id="sm-cf7">
         <name>scalbn</name>
         <value>0x9ab9</value>
         <object_component_ref idref="oc-383"/>
      </symbol>
      <symbol id="sm-cf8">
         <name>scalbnl</name>
         <value>0x9ab9</value>
         <object_component_ref idref="oc-383"/>
      </symbol>
      <symbol id="sm-cf9">
         <name>ldexpl</name>
         <value>0x9ab9</value>
         <object_component_ref idref="oc-383"/>
      </symbol>
      <symbol id="sm-cfa">
         <name>ldexp</name>
         <value>0x9ab9</value>
         <object_component_ref idref="oc-383"/>
      </symbol>
      <symbol id="sm-d04">
         <name>__aeabi_idiv0</name>
         <value>0x4d43</value>
         <object_component_ref idref="oc-3ae"/>
      </symbol>
      <symbol id="sm-d05">
         <name>__aeabi_ldiv0</name>
         <value>0x4d43</value>
         <object_component_ref idref="oc-3ae"/>
      </symbol>
      <symbol id="sm-d0f">
         <name>copysign</name>
         <value>0xa897</value>
         <object_component_ref idref="oc-3c3"/>
      </symbol>
      <symbol id="sm-d10">
         <name>copysignl</name>
         <value>0xa897</value>
         <object_component_ref idref="oc-3c3"/>
      </symbol>
      <symbol id="sm-d11">
         <name>__TI_static_base__</name>
         <value>0x0</value>
      </symbol>
      <symbol id="sm-d14">
         <name>__mpu_init</name>
         <value>0x0</value>
      </symbol>
      <symbol id="sm-d15">
         <name>_system_post_cinit</name>
         <value>0x0</value>
      </symbol>
      <symbol id="sm-d16">
         <name>NMI_Handler</name>
         <value>0xa91f</value>
      </symbol>
      <symbol id="sm-d17">
         <name>HardFault_Handler</name>
         <value>0xa91f</value>
      </symbol>
      <symbol id="sm-d18">
         <name>MemManage_Handler</name>
         <value>0xa91f</value>
      </symbol>
      <symbol id="sm-d19">
         <name>BusFault_Handler</name>
         <value>0xa91f</value>
      </symbol>
      <symbol id="sm-d1a">
         <name>UsageFault_Handler</name>
         <value>0xa91f</value>
      </symbol>
      <symbol id="sm-d1b">
         <name>SVC_Handler</name>
         <value>0xa91f</value>
      </symbol>
      <symbol id="sm-d1c">
         <name>DebugMon_Handler</name>
         <value>0xa91f</value>
      </symbol>
      <symbol id="sm-d1d">
         <name>PendSV_Handler</name>
         <value>0xa91f</value>
      </symbol>
      <symbol id="sm-d1e">
         <name>SysTick_Handler</name>
         <value>0xa91f</value>
      </symbol>
      <symbol id="sm-d1f">
         <name>PSS_IRQHandler</name>
         <value>0xa91f</value>
      </symbol>
      <symbol id="sm-d20">
         <name>CS_IRQHandler</name>
         <value>0xa91f</value>
      </symbol>
      <symbol id="sm-d21">
         <name>PCM_IRQHandler</name>
         <value>0xa91f</value>
      </symbol>
      <symbol id="sm-d22">
         <name>WDT_A_IRQHandler</name>
         <value>0xa91f</value>
      </symbol>
      <symbol id="sm-d23">
         <name>FPU_IRQHandler</name>
         <value>0xa91f</value>
      </symbol>
      <symbol id="sm-d24">
         <name>FLCTL_IRQHandler</name>
         <value>0xa91f</value>
      </symbol>
      <symbol id="sm-d25">
         <name>COMP_E0_IRQHandler</name>
         <value>0xa91f</value>
      </symbol>
      <symbol id="sm-d26">
         <name>COMP_E1_IRQHandler</name>
         <value>0xa91f</value>
      </symbol>
      <symbol id="sm-d27">
         <name>TA0_0_IRQHandler</name>
         <value>0xa91f</value>
      </symbol>
      <symbol id="sm-d28">
         <name>TA0_N_IRQHandler</name>
         <value>0xa91f</value>
      </symbol>
      <symbol id="sm-d29">
         <name>TA1_0_IRQHandler</name>
         <value>0xa91f</value>
      </symbol>
      <symbol id="sm-d2a">
         <name>TA1_N_IRQHandler</name>
         <value>0xa91f</value>
      </symbol>
      <symbol id="sm-d2b">
         <name>TA2_0_IRQHandler</name>
         <value>0xa91f</value>
      </symbol>
      <symbol id="sm-d2c">
         <name>TA2_N_IRQHandler</name>
         <value>0xa91f</value>
      </symbol>
      <symbol id="sm-d2d">
         <name>TA3_0_IRQHandler</name>
         <value>0xa91f</value>
      </symbol>
      <symbol id="sm-d2e">
         <name>TA3_N_IRQHandler</name>
         <value>0xa91f</value>
      </symbol>
      <symbol id="sm-d2f">
         <name>EUSCIA0_IRQHandler</name>
         <value>0xa91f</value>
      </symbol>
      <symbol id="sm-d30">
         <name>EUSCIA1_IRQHandler</name>
         <value>0xa91f</value>
      </symbol>
      <symbol id="sm-d31">
         <name>EUSCIA2_IRQHandler</name>
         <value>0xa91f</value>
      </symbol>
      <symbol id="sm-d32">
         <name>EUSCIA3_IRQHandler</name>
         <value>0xa91f</value>
      </symbol>
      <symbol id="sm-d33">
         <name>EUSCIB0_IRQHandler</name>
         <value>0xa91f</value>
      </symbol>
      <symbol id="sm-d34">
         <name>EUSCIB1_IRQHandler</name>
         <value>0xa91f</value>
      </symbol>
      <symbol id="sm-d35">
         <name>EUSCIB2_IRQHandler</name>
         <value>0xa91f</value>
      </symbol>
      <symbol id="sm-d36">
         <name>EUSCIB3_IRQHandler</name>
         <value>0xa91f</value>
      </symbol>
      <symbol id="sm-d37">
         <name>ADC14_IRQHandler</name>
         <value>0xa91f</value>
      </symbol>
      <symbol id="sm-d38">
         <name>T32_INT1_IRQHandler</name>
         <value>0xa91f</value>
      </symbol>
      <symbol id="sm-d39">
         <name>T32_INT2_IRQHandler</name>
         <value>0xa91f</value>
      </symbol>
      <symbol id="sm-d3a">
         <name>T32_INTC_IRQHandler</name>
         <value>0xa91f</value>
      </symbol>
      <symbol id="sm-d3b">
         <name>AES256_IRQHandler</name>
         <value>0xa91f</value>
      </symbol>
      <symbol id="sm-d3c">
         <name>RTC_C_IRQHandler</name>
         <value>0xa91f</value>
      </symbol>
      <symbol id="sm-d3d">
         <name>DMA_ERR_IRQHandler</name>
         <value>0xa91f</value>
      </symbol>
      <symbol id="sm-d3e">
         <name>DMA_INT3_IRQHandler</name>
         <value>0xa91f</value>
      </symbol>
      <symbol id="sm-d3f">
         <name>DMA_INT2_IRQHandler</name>
         <value>0xa91f</value>
      </symbol>
      <symbol id="sm-d40">
         <name>DMA_INT1_IRQHandler</name>
         <value>0xa91f</value>
      </symbol>
      <symbol id="sm-d41">
         <name>DMA_INT0_IRQHandler</name>
         <value>0xa91f</value>
      </symbol>
      <symbol id="sm-d42">
         <name>PORT1_IRQHandler</name>
         <value>0xa91f</value>
      </symbol>
      <symbol id="sm-d43">
         <name>PORT2_IRQHandler</name>
         <value>0xa91f</value>
      </symbol>
      <symbol id="sm-d44">
         <name>PORT3_IRQHandler</name>
         <value>0xa91f</value>
      </symbol>
      <symbol id="sm-d45">
         <name>PORT4_IRQHandler</name>
         <value>0xa91f</value>
      </symbol>
      <symbol id="sm-d46">
         <name>PORT5_IRQHandler</name>
         <value>0xa91f</value>
      </symbol>
      <symbol id="sm-d47">
         <name>PORT6_IRQHandler</name>
         <value>0xa91f</value>
      </symbol>
   </symbol_table>
   <title>Link successful</title>
</link_info>
