******************************************************************************
                  TI ARM Linker PC v20.2.7                     
******************************************************************************
>> Linked Wed Jul 31 14:02:37 2024

OUTPUT FILE NAME:   <project.out>
ENTRY POINT SYMBOL: "_c_int00_noargs"  address: 0000a7cd


MEMORY CONFIGURATION

         name            origin    length      used     unused   attr    fill
----------------------  --------  ---------  --------  --------  ----  --------
  MAIN                  00000000   00040000  0000abac  00035454  R  X
  INFO                  00200000   00004000  00000000  00004000  R  X
  SRAM_CODE             01000000   00010000  0000040c  0000fbf4  RW X
  SRAM_DATA             20000000   00010000  0000040c  0000fbf4  RW  


SEGMENT ALLOCATION MAP

run origin  load origin   length   init length attrs members
----------  ----------- ---------- ----------- ----- -------
00000000    00000000    0000abb0   0000abb0    r-x
  00000000    00000000    000000e4   000000e4    r-- .intvecs
  000000e4    000000e4    0000a84c   0000a84c    r-x .text
  0000a930    0000a930    00000234   00000234    r-- .const
  0000ab68    0000ab68    00000048   00000048    r-- .cinit
20000000    20000000    0000020c   00000000    rw-
  20000000    20000000    000000e8   00000000    rw- .vtable
  200000e8    200000e8    00000108   00000000    rw- .bss
  200001f0    200001f0    0000001c   00000000    rw- .data
2000fe00    2000fe00    00000200   00000000    rw-
  2000fe00    2000fe00    00000200   00000000    rw- .stack


SECTION ALLOCATION MAP

 output                                  attributes/
section   page    origin      length       input sections
--------  ----  ----------  ----------   ----------------
.intvecs   0    00000000    000000e4     
                  00000000    000000e4     startup_msp432p401r_ccs.obj (.intvecs:retain)

.text      0    000000e4    0000a84c     
                  000000e4    00004c5e     bmi160.obj (.text)
                  00004d42    00000002     rtsv7M4_T_le_v4SPD16_eabi.lib : div0.asm.obj (.text)
                  00004d44    00000c5c     cs.obj (.text)
                  000059a0    00000a4e     rtsv7M4_T_le_v4SPD16_eabi.lib : _printfi.c.obj (.text:__TI_printfi)
                  000063ee    00000002     --HOLE-- [fill = 0]
                  000063f0    00000804     i2c.obj (.text)
                  00006bf4    00000798     timer_a.obj (.text)
                  0000738c    00000480     gpio.obj (.text)
                  0000780c    00000460     main.obj (.text)
                  00007c6c    0000041c     uart.obj (.text)
                  00008088    0000041c     rtsv7M4_T_le_v4SPD16_eabi.lib : e_acos.c.obj (.text:acos)
                  000084a4    000003f0     interrupt.obj (.text)
                  00008894    0000032c     system_msp432p401r.obj (.text)
                  00008bc0    00000270     rtsv7M4_T_le_v4SPD16_eabi.lib : _printfi.c.obj (.text:_pconv_a)
                  00008e30    00000248     sysctl.obj (.text)
                  00009078    000001d0     rtsv7M4_T_le_v4SPD16_eabi.lib : _printfi.c.obj (.text:_pconv_g)
                  00009248    000001c8     i2c_helper.obj (.text)
                  00009410    000001b6     rtsv7M4_T_le_v4SPD16_eabi.lib : fd_add_t2.asm.obj (.text)
                  000095c6    00000002     --HOLE-- [fill = 0]
                  000095c8    00000158                                   : e_sqrt.c.obj (.text:sqrt)
                  00009720    0000013c                                   : _printfi.c.obj (.text:_pconv_e)
                  0000985c    00000136                                   : fd_div_t2.asm.obj (.text)
                  00009992    00000002     --HOLE-- [fill = 0]
                  00009994    00000124                                   : _printfi.c.obj (.text:fcvt)
                  00009ab8    00000110                                   : s_scalbn.c.obj (.text:scalbn)
                  00009bc8    000000fc                                   : fd_mul_t2.asm.obj (.text)
                  00009cc4    000000f8                                   : s_floor.c.obj (.text:floor)
                  00009dbc    000000c4                                   : s_round.c.obj (.text:round)
                  00009e80    000000b1                                   : _printfi.c.obj (.text:_ltostr)
                  00009f31    00000003     --HOLE-- [fill = 0]
                  00009f34    0000009c     uart.obj (.text)
                  00009fd0    0000009c     rtsv7M4_T_le_v4SPD16_eabi.lib : memcpy_t2.asm.obj (.text)
                  0000a06c    00000096                                   : ull_div_t2.asm.obj (.text)
                  0000a102    00000086                                   : fd_cmp_t2.asm.obj (.text:__aeabi_cdcmple)
                  0000a188    00000086                                   : fd_cmp_t2.asm.obj (.text:__aeabi_cdrcmple)
                  0000a20e    0000007a                                   : memset_t2.asm.obj (.text)
                  0000a288    0000006e                                   : _printfi.c.obj (.text:_mcpy)
                  0000a2f6    0000006e                                   : fd_tos_t2.asm.obj (.text)
                  0000a364    0000006c     delay.obj (.text)
                  0000a3d0    00000068     rtsv7M4_T_le_v4SPD16_eabi.lib : copy_decompress_lzss.c.obj (.text:decompress:lzss:__TI_decompress_lzss)
                  0000a438    00000068     pmap.obj (.text)
                  0000a4a0    00000064     rtsv7M4_T_le_v4SPD16_eabi.lib : s_frexp.c.obj (.text:frexp)
                  0000a504    00000056                                   : _printfi.c.obj (.text:_pconv_f)
                  0000a55a    00000054                                   : _ltoa.c.obj (.text:__TI_ltoa)
                  0000a5ae    00000052                                   : _printfi.c.obj (.text:_ecpy)
                  0000a600    0000004c                                   : atoi.c.obj (.text:atoi)
                  0000a64c    00000048                                   : fd_toi_t2.asm.obj (.text)
                  0000a694    00000044                                   : autoinit.c.obj (.text:__TI_auto_init_nobinit_nopinit:__TI_auto_init_nobinit_nopinit)
                  0000a6d8    00000040                                   : vsnprintf.c.obj (.text:vsnprintf)
                  0000a718    0000003e                                   : _printfi.c.obj (.text:_fcpy)
                  0000a756    0000003e     cpu.obj (.text)
                  0000a794    00000038     rtsv7M4_T_le_v4SPD16_eabi.lib : fs_tod_t2.asm.obj (.text)
                  0000a7cc    00000034                                   : boot_cortex_m.c.obj (.text:_c_int00_noargs:_c_int00_noargs)
                  0000a800    00000030                                   : vsnprintf.c.obj (.text:_outs)
                  0000a830    0000002e                                   : i_tofd_t2.asm.obj (.text)
                  0000a85e    0000001c                                   : copy_zero_init.c.obj (.text:decompress:ZI:__TI_zero_init_nomemset:__TI_zero_init_nomemset)
                  0000a87a    0000001c                                   : memccpy.c.obj (.text:memccpy)
                  0000a896    0000001a                                   : s_copysign.c.obj (.text:copysign)
                  0000a8b0    00000018                                   : vsnprintf.c.obj (.text:_outc)
                  0000a8c8    00000016                                   : strchr.c.obj (.text:strchr)
                  0000a8de    00000014                                   : strlen.c.obj (.text:strlen)
                  0000a8f2    00000012                                   : wcslen.c.obj (.text:wcslen)
                  0000a904    0000000e                                   : copy_decompress_none.c.obj (.text:decompress:none:__TI_decompress_none)
                  0000a912    0000000e     startup_msp432p401r_ccs.obj (.text)
                  0000a920    00000008     rtsv7M4_T_le_v4SPD16_eabi.lib : errno.c.obj (.text:__aeabi_errno_addr)
                  0000a928    00000004                                   : pre_init.c.obj (.text:_system_pre_init)
                  0000a92c    00000004                                   : exit.c.obj (.text:abort:abort)

.const     0    0000a930    00000234     
                  0000a930    00000101     rtsv7M4_T_le_v4SPD16_eabi.lib : ctype.c.obj (.const:.string:_ctypes_)
                  0000aa31    00000003     --HOLE-- [fill = 0]
                  0000aa34    00000050     interrupt.obj (.const:g_pulRegs)
                  0000aa84    00000030     gpio.obj (.const:GPIO_PORT_TO_BASE)
                  0000aab4    00000024     main.obj (.const:uart_config$1)
                  0000aad8    00000020     interrupt.obj (.const:g_pulPriority)
                  0000aaf8    0000001c     gpio.obj (.const:GPIO_PORT_TO_INT)
                  0000ab14    00000018     main.obj (.const:$P$T0$2)
                  0000ab2c    00000010     main.obj (.const:$P$T1$3)
                  0000ab3c    00000008     main.obj (.const:.string:port_mapping)
                  0000ab44    00000008     interrupt.obj (.const:g_pulDisRegs)
                  0000ab4c    00000008     interrupt.obj (.const:g_pulEnRegs)
                  0000ab54    00000008     interrupt.obj (.const:g_pulPendRegs)
                  0000ab5c    00000008     interrupt.obj (.const:g_pulUnpendRegs)

.cinit     0    0000ab68    00000048     
                  0000ab68    00000014     (.cinit..data.load) [load image, compression = lzss]
                  0000ab7c    0000000c     (__TI_handler_table)
                  0000ab88    00000008     (.cinit..bss.load) [load image, compression = zero_init]
                  0000ab90    00000008     (.cinit..vtable.load) [load image, compression = zero_init]
                  0000ab98    00000018     (__TI_cinit_table)

.init_array 
*          0    00000000    00000000     UNINITIALIZED

.binit     0    00000000    00000000     

.vtable    0    20000000    000000e8     UNINITIALIZED
                  20000000    000000e8     interrupt.obj (.vtable)

.bss       0    200000e8    00000108     UNINITIALIZED
                  200000e8    00000100     uart.obj (.bss:print_buffer$1)
                  200001e8    00000008     cs.obj (.bss)

.data      0    200001f0    0000001c     UNINITIALIZED
                  200001f0    00000014     i2c_helper.obj (.data:i2c_config)
                  20000204    00000004     rtsv7M4_T_le_v4SPD16_eabi.lib : errno.c.obj (.data)
                  20000208    00000004     system_msp432p401r.obj (.data)

.stack     0    2000fe00    00000200     UNINITIALIZED
                  2000fe00    00000004     rtsv7M4_T_le_v4SPD16_eabi.lib : boot_cortex_m.c.obj (.stack)
                  2000fe04    000001fc     --HOLE--

__llvm_prf_cnts 
*          0    20000000    00000000     UNINITIALIZED

MODULE SUMMARY

       Module                        code    ro data   rw data
       ------                        ----    -------   -------
    .\
       main.obj                      1120    84        0      
       system_msp432p401r.obj        812     0         8      
       uart.obj                      156     0         512    
       i2c_helper.obj                456     0         40     
       startup_msp432p401r_ccs.obj   14      228       0      
       delay.obj                     108     0         0      
    +--+-----------------------------+-------+---------+---------+
       Total:                        2666    312       560    
                                                              
    .\libraries\bosch\bmi160\
       bmi160.obj                    19550   0         0      
    +--+-----------------------------+-------+---------+---------+
       Total:                        19550   0         0      
                                                              
    .\libraries\ti\devices\msp432p4xx\driverlib\
       cs.obj                        3164    0         16     
       i2c.obj                       2052    0         0      
       timer_a.obj                   1944    0         0      
       interrupt.obj                 1008    144       464    
       gpio.obj                      1152    76        0      
       uart.obj                      1052    0         0      
       sysctl.obj                    584     0         0      
       pmap.obj                      104     0         0      
       cpu.obj                       62      0         0      
    +--+-----------------------------+-------+---------+---------+
       Total:                        11122   220       480    
                                                              
    C:\ti\ccs1220\ccs\tools\compiler\ti-cgt-arm_20.2.7.LTS\lib\rtsv7M4_T_le_v4SPD16_eabi.lib
       _printfi.c.obj                4851    0         0      
       e_acos.c.obj                  1052    0         0      
       fd_add_t2.asm.obj             438     0         0      
       e_sqrt.c.obj                  344     0         0      
       fd_div_t2.asm.obj             310     0         0      
       s_scalbn.c.obj                272     0         0      
       fd_cmp_t2.asm.obj             268     0         0      
       ctype.c.obj                   0       257       0      
       fd_mul_t2.asm.obj             252     0         0      
       s_floor.c.obj                 248     0         0      
       s_round.c.obj                 196     0         0      
       memcpy_t2.asm.obj             156     0         0      
       ull_div_t2.asm.obj            150     0         0      
       vsnprintf.c.obj               136     0         0      
       memset_t2.asm.obj             122     0         0      
       fd_tos_t2.asm.obj             110     0         0      
       copy_decompress_lzss.c.obj    104     0         0      
       s_frexp.c.obj                 100     0         0      
       _ltoa.c.obj                   84      0         0      
       atoi.c.obj                    76      0         0      
       fd_toi_t2.asm.obj             72      0         0      
       autoinit.c.obj                68      0         0      
       fs_tod_t2.asm.obj             56      0         0      
       boot_cortex_m.c.obj           52      0         0      
       i_tofd_t2.asm.obj             46      0         0      
       copy_zero_init.c.obj          28      0         0      
       memccpy.c.obj                 28      0         0      
       s_copysign.c.obj              26      0         0      
       strchr.c.obj                  22      0         0      
       strlen.c.obj                  20      0         0      
       wcslen.c.obj                  18      0         0      
       errno.c.obj                   8       0         8      
       copy_decompress_none.c.obj    14      0         0      
       exit.c.obj                    4       0         0      
       pre_init.c.obj                4       0         0      
       div0.asm.obj                  2       0         0      
    +--+-----------------------------+-------+---------+---------+
       Total:                        9737    257       8      
                                                              
       Stack:                        0       0         1024   
       Linker Generated:             0       72        0      
    +--+-----------------------------+-------+---------+---------+
       Grand Total:                  43075   861       2072   


LINKER GENERATED COPY TABLES

__TI_cinit_table @ 0000ab98 records: 3, size/record: 8, table size: 24
	.data: load addr=0000ab68, load size=00000014 bytes, run addr=200001f0, run size=0000001c bytes, compression=lzss
	.bss: load addr=0000ab88, load size=00000008 bytes, run addr=200000e8, run size=00000108 bytes, compression=zero_init
	.vtable: load addr=0000ab90, load size=00000008 bytes, run addr=20000000, run size=000000e8 bytes, compression=zero_init


LINKER GENERATED HANDLER TABLE

__TI_handler_table @ 0000ab7c records: 3, size/record: 4, table size: 12
	index: 0, handler: __TI_zero_init
	index: 1, handler: __TI_decompress_lzss
	index: 2, handler: __TI_decompress_none


GLOBAL SYMBOLS: SORTED ALPHABETICALLY BY Name 

address   name                                           
-------   ----                                           
0000a91f  ADC14_IRQHandler                               
0000a91f  AES256_IRQHandler                              
0000a91f  BusFault_Handler                               
0000a92d  C$$EXIT                                        
0000a91f  COMP_E0_IRQHandler                             
0000a91f  COMP_E1_IRQHandler                             
0000a78b  CPU_basepriGet                                 
0000a77d  CPU_basepriSet                                 
0000a757  CPU_cpsid                                      
0000a76d  CPU_cpsie                                      
0000a763  CPU_primask                                    
0000a779  CPU_wfi                                        
0000a91f  CS_IRQHandler                                  
00005915  CS_clearInterruptFlag                          
000052ed  CS_disableClockRequest                         
000053cb  CS_disableDCOExternalResistor                  
000057fd  CS_disableFaultCounter                         
000058c5  CS_disableInterrupt                            
000052c5  CS_enableClockRequest                          
00005335  CS_enableDCOExternalResistor                   
000057d1  CS_enableFaultCounter                          
00005899  CS_enableInterrupt                             
00005763  CS_getACLK                                     
00005723  CS_getBCLK                                     
000054a9  CS_getDCOFrequency                             
000058f5  CS_getEnabledInterruptStatus                   
0000573f  CS_getHSMCLK                                   
000058e7  CS_getInterruptStatus                          
000057a9  CS_getMCLK                                     
00005787  CS_getSMCLK                                    
00004fe5  CS_initClockSignal                             
00005941  CS_registerInterrupt                           
00005829  CS_resetFaultCounter                           
000053e9  CS_setDCOCenteredFrequency                     
0000535d  CS_setDCOExternalResistorCalibration           
000055c1  CS_setDCOFrequency                             
00004fa9  CS_setExternalClockSourceFrequency             
0000530f  CS_setReferenceOscillatorFrequency             
00005855  CS_startFaultCounter                           
000050e9  CS_startHFXT                                   
0000510d  CS_startHFXTWithTimeout                        
000051d1  CS_startLFXT                                   
000051f5  CS_startLFXTWithTimeout                        
00005419  CS_tuneDCOFrequency                            
00005959  CS_unregisterInterrupt                         
0000a91f  DMA_ERR_IRQHandler                             
0000a91f  DMA_INT0_IRQHandler                            
0000a91f  DMA_INT1_IRQHandler                            
0000a91f  DMA_INT2_IRQHandler                            
0000a91f  DMA_INT3_IRQHandler                            
0000a91f  DebugMon_Handler                               
0000a91f  Default_Handler                                
0000a91f  EUSCIA0_IRQHandler                             
0000a91f  EUSCIA1_IRQHandler                             
0000a91f  EUSCIA2_IRQHandler                             
0000a91f  EUSCIA3_IRQHandler                             
0000a91f  EUSCIB0_IRQHandler                             
0000a91f  EUSCIB1_IRQHandler                             
0000a91f  EUSCIB2_IRQHandler                             
0000a91f  EUSCIB3_IRQHandler                             
0000a91f  FLCTL_IRQHandler                               
0000a91f  FPU_IRQHandler                                 
000076af  GPIO_clearInterruptFlag                        
0000766f  GPIO_disableInterrupt                          
0000764d  GPIO_enableInterrupt                           
00007707  GPIO_getEnabledInterruptStatus                 
0000761f  GPIO_getInputPinValue                          
00007691  GPIO_getInterruptStatus                        
000076d1  GPIO_interruptEdgeSelect                       
000077c7  GPIO_registerInterrupt                         
000073c7  GPIO_setAsInputPin                             
0000757b  GPIO_setAsInputPinWithPullDownResistor         
000075cd  GPIO_setAsInputPinWithPullUpResistor           
0000738d  GPIO_setAsOutputPin                            
00007491  GPIO_setAsPeripheralModuleFunctionInputPin     
0000740d  GPIO_setAsPeripheralModuleFunctionOutputPin    
00007783  GPIO_setDriveStrengthHigh                      
000077a5  GPIO_setDriveStrengthLow                       
00007515  GPIO_setOutputHighOnPin                        
00007537  GPIO_setOutputLowOnPin                         
00007559  GPIO_toggleOutputOnPin                         
000077e7  GPIO_unregisterInterrupt                       
0000a91f  HardFault_Handler                              
00006aa5  I2C_clearInterruptFlag                         
00006a8f  I2C_disableInterrupt                           
000064a3  I2C_disableModule                              
00006a59  I2C_disableMultiMasterMode                     
00006a79  I2C_enableInterrupt                            
0000648d  I2C_enableModule                               
00006a39  I2C_enableMultiMasterMode                      
00006ad3  I2C_getEnabledInterruptStatus                  
00006abb  I2C_getInterruptStatus                         
00006ae9  I2C_getMode                                    
000069db  I2C_getReceiveBufferAddressForDMA              
000069e9  I2C_getTransmitBufferAddressForDMA             
000063f1  I2C_initMaster                                 
00006453  I2C_initSlave                                  
00006547  I2C_isBusBusy                                  
00006a09  I2C_masterIsStartSent                          
000069f7  I2C_masterIsStopSent                           
00006907  I2C_masterReceiveMultiByteFinish               
0000693f  I2C_masterReceiveMultiByteFinishWithTimeout    
000068f3  I2C_masterReceiveMultiByteNext                 
0000699d  I2C_masterReceiveMultiByteStop                 
000069b1  I2C_masterReceiveSingle                        
000064e9  I2C_masterReceiveSingleByte                    
000068d9  I2C_masterReceiveStart                         
0000678d  I2C_masterSendMultiByteFinish                  
000067f1  I2C_masterSendMultiByteFinishWithTimeout       
0000671b  I2C_masterSendMultiByteNext                    
00006747  I2C_masterSendMultiByteNextWithTimeout         
0000665b  I2C_masterSendMultiByteStart                   
000066b5  I2C_masterSendMultiByteStartWithTimeout        
0000686f  I2C_masterSendMultiByteStop                    
0000689d  I2C_masterSendMultiByteStopWithTimeout         
00006559  I2C_masterSendSingleByte                       
000065cf  I2C_masterSendSingleByteWithTimeout            
00006a21  I2C_masterSendStart                            
00006b01  I2C_registerInterrupt                          
000064cd  I2C_setMode                                    
000064b9  I2C_setSlaveAddress                            
00006533  I2C_slaveGetData                               
0000651d  I2C_slavePutData                               
00006bc9  I2C_slaveSendNAK                               
00006b6d  I2C_unregisterInterrupt                        
00008667  Interrupt_disableInterrupt                     
000084b7  Interrupt_disableMaster                        
00008865  Interrupt_disableSleepOnIsrExit                
000085f5  Interrupt_enableInterrupt                      
000084a7  Interrupt_enableMaster                         
00008853  Interrupt_enableSleepOnIsrExit                 
000085cf  Interrupt_getPriority                          
00008547  Interrupt_getPriorityGrouping                  
00008833  Interrupt_getPriorityMask                      
0000884d  Interrupt_getVectorTableAddress                
000086d9  Interrupt_isEnabled                            
00008765  Interrupt_pendInterrupt                        
000084c7  Interrupt_registerInterrupt                    
0000857f  Interrupt_setPriority                          
0000852d  Interrupt_setPriorityGrouping                  
00008823  Interrupt_setPriorityMask                      
0000883d  Interrupt_setVectorTableAddress                
000087d5  Interrupt_unpendInterrupt                      
00008519  Interrupt_unregisterInterrupt                  
0000a91f  MemManage_Handler                              
0000a91f  NMI_Handler                                    
0000a91f  PCM_IRQHandler                                 
0000a439  PMAP_configurePorts                            
0000a91f  PORT1_IRQHandler                               
0000a91f  PORT2_IRQHandler                               
0000a91f  PORT3_IRQHandler                               
0000a91f  PORT4_IRQHandler                               
0000a91f  PORT5_IRQHandler                               
0000a91f  PORT6_IRQHandler                               
0000a91f  PSS_IRQHandler                                 
0000a91f  PendSV_Handler                                 
0000a91f  RTC_C_IRQHandler                               
0000a913  Reset_Handler                                  
0000a91f  SVC_Handler                                    
00009027  SysCtl_disableGlitchFilter                     
00008eb3  SysCtl_disableNMISource                        
00008fbf  SysCtl_disablePeripheralAtCPUHalt              
00008f01  SysCtl_disableSRAMBank                         
00008f85  SysCtl_disableSRAMBankRetention                
0000901b  SysCtl_enableGlitchFilter                      
00008ec7  SysCtl_enableNMISource                         
00008fab  SysCtl_enablePeripheralAtCPUHalt               
00008ee5  SysCtl_enableSRAMBank                          
00008f69  SysCtl_enableSRAMBankRetention                 
00008ead  SysCtl_getFlashSize                            
00008edb  SysCtl_getNMISourceStatus                      
00008ea7  SysCtl_getSRAMSize                             
00008e31  SysCtl_getTLVInfo                              
00009033  SysCtl_getTempCalibrationConstant              
00008fa1  SysCtl_rebootDevice                            
00008ff7  SysCtl_setWDTPasswordViolationResetType        
00008fd3  SysCtl_setWDTTimeoutResetType                  
0000a91f  SysTick_Handler                                
20000208  SystemCoreClock                                
00008895  SystemCoreClockUpdate                          
00008b09  SystemInit                                     
0000a91f  T32_INT1_IRQHandler                            
0000a91f  T32_INT2_IRQHandler                            
0000a91f  T32_INTC_IRQHandler                            
0000a91f  TA0_0_IRQHandler                               
0000a91f  TA0_N_IRQHandler                               
0000a91f  TA1_0_IRQHandler                               
0000a91f  TA1_N_IRQHandler                               
0000a91f  TA2_0_IRQHandler                               
0000a91f  TA2_N_IRQHandler                               
0000a91f  TA3_0_IRQHandler                               
0000a91f  TA3_N_IRQHandler                               
000070bf  Timer_A_clearCaptureCompareInterrupt           
000070a9  Timer_A_clearInterruptFlag                     
00006f27  Timer_A_clearTimer                             
00006d4f  Timer_A_configureContinuousMode                
00006ddd  Timer_A_configureUpDownMode                    
00006d7f  Timer_A_configureUpMode                        
0000714d  Timer_A_disableCaptureCompareInterrupt         
000070fb  Timer_A_disableInterrupt                       
00007121  Timer_A_enableCaptureCompareInterrupt          
000070e7  Timer_A_enableInterrupt                        
00006ff3  Timer_A_generatePWM                            
00006f99  Timer_A_getCaptureCompareCount                 
000071b5  Timer_A_getCaptureCompareEnabledInterruptStatus
00007175  Timer_A_getCaptureCompareInterruptStatus       
00006edb  Timer_A_getCounterValue                        
0000719d  Timer_A_getEnabledInterruptStatus              
0000710f  Timer_A_getInterruptStatus                     
00006f6b  Timer_A_getOutputForOutputModeOutBitValue      
00006f3b  Timer_A_getSynchronizedCaptureCompareInput     
00006e3b  Timer_A_initCapture                            
00006e8d  Timer_A_initCompare                            
000071f1  Timer_A_registerInterrupt                      
0000707d  Timer_A_setCompareValue                        
00006fbb  Timer_A_setOutputForOutputModeOutBitValue      
00006d39  Timer_A_startCounter                           
00007069  Timer_A_stopTimer                              
000072c3  Timer_A_unregisterInterrupt                    
00007f81  UART_clearInterruptFlag                        
00007ed9  UART_disableInterrupt                          
00007dbb  UART_disableModule                             
00007ea9  UART_enableInterrupt                           
00007da5  UART_enableModule                              
00007f25  UART_getEnabledInterruptStatus                 
00007f09  UART_getInterruptStatus                        
00007e71  UART_getReceiveBufferAddressForDMA             
00007e7f  UART_getTransmitBufferAddressForDMA            
00007c6d  UART_initModule                                
00007dd1  UART_queryStatusFlags                          
00007d7f  UART_receiveData                               
00007fa1  UART_registerInterrupt                         
00007df9  UART_resetDormant                              
00007e8d  UART_selectDeglitchTime                        
00007de5  UART_setDormant                                
00007e0d  UART_transmitAddress                           
00007e2b  UART_transmitBreak                             
00007d55  UART_transmitData                              
0000801d  UART_unregisterInterrupt                       
0000a91f  UsageFault_Handler                             
4000480c  WDTCTL_SYM                                     
0000a91f  WDT_A_IRQHandler                               
20010000  __STACK_END                                    
00000200  __STACK_SIZE                                   
0000ab98  __TI_CINIT_Base                                
0000abb0  __TI_CINIT_Limit                               
0000ab7c  __TI_Handler_Table_Base                        
0000ab88  __TI_Handler_Table_Limit                       
0000a695  __TI_auto_init_nobinit_nopinit                 
0000a3d1  __TI_decompress_lzss                           
0000a905  __TI_decompress_none                           
0000a55b  __TI_ltoa                                      
ffffffff  __TI_pprof_out_hndl                            
000059a1  __TI_printfi                                   
ffffffff  __TI_prof_data_size                            
ffffffff  __TI_prof_data_start                           
00000000  __TI_static_base__                             
0000a85f  __TI_zero_init_nomemset                        
0000a103  __aeabi_cdcmpeq                                
0000a103  __aeabi_cdcmple                                
0000a189  __aeabi_cdrcmple                               
0000a2f7  __aeabi_d2f                                    
0000a64d  __aeabi_d2iz                                   
0000941b  __aeabi_dadd                                   
0000985d  __aeabi_ddiv                                   
00009bc9  __aeabi_dmul                                   
00009411  __aeabi_dsub                                   
0000a921  __aeabi_errno_addr                             
0000a795  __aeabi_f2d                                    
0000a831  __aeabi_i2d                                    
00004d43  __aeabi_idiv0                                  
00004d43  __aeabi_ldiv0                                  
0000a20f  __aeabi_memclr                                 
0000a20f  __aeabi_memclr4                                
0000a20f  __aeabi_memclr8                                
00009fd1  __aeabi_memcpy                                 
00009fd1  __aeabi_memcpy4                                
00009fd1  __aeabi_memcpy8                                
0000a211  __aeabi_memset                                 
0000a211  __aeabi_memset4                                
0000a211  __aeabi_memset8                                
0000a06d  __aeabi_uldivmod                               
ffffffff  __binit__                                      
ffffffff  __c_args__                                     
UNDEFED   __mpu_init                                     
2000fe00  __stack                                        
20000000  __start___llvm_prf_cnts                        
20000000  __stop___llvm_prf_cnts                         
0000a7cd  _c_int00_noargs                                
0000a930  _ctypes_                                       
UNDEFED   _system_post_cinit                             
0000a929  _system_pre_init                               
0000a92d  abort                                          
00008089  acos                                           
00008089  acosl                                          
0000a601  atoi                                           
ffffffff  binit                                          
000007cb  bmi160_aux_init                                
0000069f  bmi160_aux_read                                
00000719  bmi160_aux_write                               
00000887  bmi160_config_aux_mode                         
00000c8b  bmi160_extract_accel                           
00000d41  bmi160_extract_gyro                            
000009eb  bmi160_get_fifo_data                           
00000eaf  bmi160_get_offsets                             
000000e5  bmi160_get_regs                                
000003b7  bmi160_get_sensor_data                         
00000231  bmi160_init                                    
0000094f  bmi160_perform_self_test                       
000008fd  bmi160_read_aux_data_auto_mode                 
00000623  bmi160_read_step_counter                       
0000080b  bmi160_set_aux_auto_mode                       
00000af7  bmi160_set_fifo_config                         
00000bdd  bmi160_set_fifo_down                           
00000ab9  bmi160_set_fifo_flush                          
00000c47  bmi160_set_fifo_wm                             
000004a1  bmi160_set_int_config                          
00000fdb  bmi160_set_offsets                             
00000379  bmi160_set_power_mode                          
0000015b  bmi160_set_regs                                
0000031b  bmi160_set_sens_conf                           
000005a3  bmi160_set_step_counter                        
000002bb  bmi160_soft_reset                              
00000df1  bmi160_start_foc                               
000010c3  bmi160_update_nvm                              
00007b91  check_for_err                                  
0000a897  copysign                                       
0000a897  copysignl                                      
0000a3a7  delay_ms                                       
0000a365  delay_ticks                                    
0000a38f  delay_us                                       
20000204  errno                                          
00007bbf  error                                          
00009cc5  floor                                          
00009cc5  floorl                                         
00009f9f  fputc                                          
00009fb1  fputs                                          
0000a4a1  frexp                                          
0000a4a1  frexpl                                         
20000000  g_pfnRAMVectors                                
200001f0  i2c_config                                     
00009249  i2c_init                                       
00009269  i2c_init_gpio                                  
00009281  i2c_read                                       
00009357  i2c_write                                      
00000000  interruptVectors                               
00009ab9  ldexp                                          
00009ab9  ldexpl                                         
0000780d  main                                           
0000a87b  memccpy                                        
00009fd1  memcpy                                         
0000a217  memset                                         
0000ab3c  port_mapping                                   
00009dbd  round                                          
00009dbd  roundl                                         
00009ab9  scalbn                                         
00009ab9  scalbnl                                        
000095c9  sqrt                                           
000095c9  sqrtl                                          
0000a8c9  strchr                                         
0000a8df  strlen                                         
00009f35  uart_println                                   
0000a6d9  vsnprintf                                      
0000a8f3  wcslen                                         


GLOBAL SYMBOLS: SORTED BY Symbol Address 

address   name                                           
-------   ----                                           
00000000  __TI_static_base__                             
00000000  interruptVectors                               
000000e5  bmi160_get_regs                                
0000015b  bmi160_set_regs                                
00000200  __STACK_SIZE                                   
00000231  bmi160_init                                    
000002bb  bmi160_soft_reset                              
0000031b  bmi160_set_sens_conf                           
00000379  bmi160_set_power_mode                          
000003b7  bmi160_get_sensor_data                         
000004a1  bmi160_set_int_config                          
000005a3  bmi160_set_step_counter                        
00000623  bmi160_read_step_counter                       
0000069f  bmi160_aux_read                                
00000719  bmi160_aux_write                               
000007cb  bmi160_aux_init                                
0000080b  bmi160_set_aux_auto_mode                       
00000887  bmi160_config_aux_mode                         
000008fd  bmi160_read_aux_data_auto_mode                 
0000094f  bmi160_perform_self_test                       
000009eb  bmi160_get_fifo_data                           
00000ab9  bmi160_set_fifo_flush                          
00000af7  bmi160_set_fifo_config                         
00000bdd  bmi160_set_fifo_down                           
00000c47  bmi160_set_fifo_wm                             
00000c8b  bmi160_extract_accel                           
00000d41  bmi160_extract_gyro                            
00000df1  bmi160_start_foc                               
00000eaf  bmi160_get_offsets                             
00000fdb  bmi160_set_offsets                             
000010c3  bmi160_update_nvm                              
00004d43  __aeabi_idiv0                                  
00004d43  __aeabi_ldiv0                                  
00004fa9  CS_setExternalClockSourceFrequency             
00004fe5  CS_initClockSignal                             
000050e9  CS_startHFXT                                   
0000510d  CS_startHFXTWithTimeout                        
000051d1  CS_startLFXT                                   
000051f5  CS_startLFXTWithTimeout                        
000052c5  CS_enableClockRequest                          
000052ed  CS_disableClockRequest                         
0000530f  CS_setReferenceOscillatorFrequency             
00005335  CS_enableDCOExternalResistor                   
0000535d  CS_setDCOExternalResistorCalibration           
000053cb  CS_disableDCOExternalResistor                  
000053e9  CS_setDCOCenteredFrequency                     
00005419  CS_tuneDCOFrequency                            
000054a9  CS_getDCOFrequency                             
000055c1  CS_setDCOFrequency                             
00005723  CS_getBCLK                                     
0000573f  CS_getHSMCLK                                   
00005763  CS_getACLK                                     
00005787  CS_getSMCLK                                    
000057a9  CS_getMCLK                                     
000057d1  CS_enableFaultCounter                          
000057fd  CS_disableFaultCounter                         
00005829  CS_resetFaultCounter                           
00005855  CS_startFaultCounter                           
00005899  CS_enableInterrupt                             
000058c5  CS_disableInterrupt                            
000058e7  CS_getInterruptStatus                          
000058f5  CS_getEnabledInterruptStatus                   
00005915  CS_clearInterruptFlag                          
00005941  CS_registerInterrupt                           
00005959  CS_unregisterInterrupt                         
000059a1  __TI_printfi                                   
000063f1  I2C_initMaster                                 
00006453  I2C_initSlave                                  
0000648d  I2C_enableModule                               
000064a3  I2C_disableModule                              
000064b9  I2C_setSlaveAddress                            
000064cd  I2C_setMode                                    
000064e9  I2C_masterReceiveSingleByte                    
0000651d  I2C_slavePutData                               
00006533  I2C_slaveGetData                               
00006547  I2C_isBusBusy                                  
00006559  I2C_masterSendSingleByte                       
000065cf  I2C_masterSendSingleByteWithTimeout            
0000665b  I2C_masterSendMultiByteStart                   
000066b5  I2C_masterSendMultiByteStartWithTimeout        
0000671b  I2C_masterSendMultiByteNext                    
00006747  I2C_masterSendMultiByteNextWithTimeout         
0000678d  I2C_masterSendMultiByteFinish                  
000067f1  I2C_masterSendMultiByteFinishWithTimeout       
0000686f  I2C_masterSendMultiByteStop                    
0000689d  I2C_masterSendMultiByteStopWithTimeout         
000068d9  I2C_masterReceiveStart                         
000068f3  I2C_masterReceiveMultiByteNext                 
00006907  I2C_masterReceiveMultiByteFinish               
0000693f  I2C_masterReceiveMultiByteFinishWithTimeout    
0000699d  I2C_masterReceiveMultiByteStop                 
000069b1  I2C_masterReceiveSingle                        
000069db  I2C_getReceiveBufferAddressForDMA              
000069e9  I2C_getTransmitBufferAddressForDMA             
000069f7  I2C_masterIsStopSent                           
00006a09  I2C_masterIsStartSent                          
00006a21  I2C_masterSendStart                            
00006a39  I2C_enableMultiMasterMode                      
00006a59  I2C_disableMultiMasterMode                     
00006a79  I2C_enableInterrupt                            
00006a8f  I2C_disableInterrupt                           
00006aa5  I2C_clearInterruptFlag                         
00006abb  I2C_getInterruptStatus                         
00006ad3  I2C_getEnabledInterruptStatus                  
00006ae9  I2C_getMode                                    
00006b01  I2C_registerInterrupt                          
00006b6d  I2C_unregisterInterrupt                        
00006bc9  I2C_slaveSendNAK                               
00006d39  Timer_A_startCounter                           
00006d4f  Timer_A_configureContinuousMode                
00006d7f  Timer_A_configureUpMode                        
00006ddd  Timer_A_configureUpDownMode                    
00006e3b  Timer_A_initCapture                            
00006e8d  Timer_A_initCompare                            
00006edb  Timer_A_getCounterValue                        
00006f27  Timer_A_clearTimer                             
00006f3b  Timer_A_getSynchronizedCaptureCompareInput     
00006f6b  Timer_A_getOutputForOutputModeOutBitValue      
00006f99  Timer_A_getCaptureCompareCount                 
00006fbb  Timer_A_setOutputForOutputModeOutBitValue      
00006ff3  Timer_A_generatePWM                            
00007069  Timer_A_stopTimer                              
0000707d  Timer_A_setCompareValue                        
000070a9  Timer_A_clearInterruptFlag                     
000070bf  Timer_A_clearCaptureCompareInterrupt           
000070e7  Timer_A_enableInterrupt                        
000070fb  Timer_A_disableInterrupt                       
0000710f  Timer_A_getInterruptStatus                     
00007121  Timer_A_enableCaptureCompareInterrupt          
0000714d  Timer_A_disableCaptureCompareInterrupt         
00007175  Timer_A_getCaptureCompareInterruptStatus       
0000719d  Timer_A_getEnabledInterruptStatus              
000071b5  Timer_A_getCaptureCompareEnabledInterruptStatus
000071f1  Timer_A_registerInterrupt                      
000072c3  Timer_A_unregisterInterrupt                    
0000738d  GPIO_setAsOutputPin                            
000073c7  GPIO_setAsInputPin                             
0000740d  GPIO_setAsPeripheralModuleFunctionOutputPin    
00007491  GPIO_setAsPeripheralModuleFunctionInputPin     
00007515  GPIO_setOutputHighOnPin                        
00007537  GPIO_setOutputLowOnPin                         
00007559  GPIO_toggleOutputOnPin                         
0000757b  GPIO_setAsInputPinWithPullDownResistor         
000075cd  GPIO_setAsInputPinWithPullUpResistor           
0000761f  GPIO_getInputPinValue                          
0000764d  GPIO_enableInterrupt                           
0000766f  GPIO_disableInterrupt                          
00007691  GPIO_getInterruptStatus                        
000076af  GPIO_clearInterruptFlag                        
000076d1  GPIO_interruptEdgeSelect                       
00007707  GPIO_getEnabledInterruptStatus                 
00007783  GPIO_setDriveStrengthHigh                      
000077a5  GPIO_setDriveStrengthLow                       
000077c7  GPIO_registerInterrupt                         
000077e7  GPIO_unregisterInterrupt                       
0000780d  main                                           
00007b91  check_for_err                                  
00007bbf  error                                          
00007c6d  UART_initModule                                
00007d55  UART_transmitData                              
00007d7f  UART_receiveData                               
00007da5  UART_enableModule                              
00007dbb  UART_disableModule                             
00007dd1  UART_queryStatusFlags                          
00007de5  UART_setDormant                                
00007df9  UART_resetDormant                              
00007e0d  UART_transmitAddress                           
00007e2b  UART_transmitBreak                             
00007e71  UART_getReceiveBufferAddressForDMA             
00007e7f  UART_getTransmitBufferAddressForDMA            
00007e8d  UART_selectDeglitchTime                        
00007ea9  UART_enableInterrupt                           
00007ed9  UART_disableInterrupt                          
00007f09  UART_getInterruptStatus                        
00007f25  UART_getEnabledInterruptStatus                 
00007f81  UART_clearInterruptFlag                        
00007fa1  UART_registerInterrupt                         
0000801d  UART_unregisterInterrupt                       
00008089  acos                                           
00008089  acosl                                          
000084a7  Interrupt_enableMaster                         
000084b7  Interrupt_disableMaster                        
000084c7  Interrupt_registerInterrupt                    
00008519  Interrupt_unregisterInterrupt                  
0000852d  Interrupt_setPriorityGrouping                  
00008547  Interrupt_getPriorityGrouping                  
0000857f  Interrupt_setPriority                          
000085cf  Interrupt_getPriority                          
000085f5  Interrupt_enableInterrupt                      
00008667  Interrupt_disableInterrupt                     
000086d9  Interrupt_isEnabled                            
00008765  Interrupt_pendInterrupt                        
000087d5  Interrupt_unpendInterrupt                      
00008823  Interrupt_setPriorityMask                      
00008833  Interrupt_getPriorityMask                      
0000883d  Interrupt_setVectorTableAddress                
0000884d  Interrupt_getVectorTableAddress                
00008853  Interrupt_enableSleepOnIsrExit                 
00008865  Interrupt_disableSleepOnIsrExit                
00008895  SystemCoreClockUpdate                          
00008b09  SystemInit                                     
00008e31  SysCtl_getTLVInfo                              
00008ea7  SysCtl_getSRAMSize                             
00008ead  SysCtl_getFlashSize                            
00008eb3  SysCtl_disableNMISource                        
00008ec7  SysCtl_enableNMISource                         
00008edb  SysCtl_getNMISourceStatus                      
00008ee5  SysCtl_enableSRAMBank                          
00008f01  SysCtl_disableSRAMBank                         
00008f69  SysCtl_enableSRAMBankRetention                 
00008f85  SysCtl_disableSRAMBankRetention                
00008fa1  SysCtl_rebootDevice                            
00008fab  SysCtl_enablePeripheralAtCPUHalt               
00008fbf  SysCtl_disablePeripheralAtCPUHalt              
00008fd3  SysCtl_setWDTTimeoutResetType                  
00008ff7  SysCtl_setWDTPasswordViolationResetType        
0000901b  SysCtl_enableGlitchFilter                      
00009027  SysCtl_disableGlitchFilter                     
00009033  SysCtl_getTempCalibrationConstant              
00009249  i2c_init                                       
00009269  i2c_init_gpio                                  
00009281  i2c_read                                       
00009357  i2c_write                                      
00009411  __aeabi_dsub                                   
0000941b  __aeabi_dadd                                   
000095c9  sqrt                                           
000095c9  sqrtl                                          
0000985d  __aeabi_ddiv                                   
00009ab9  ldexp                                          
00009ab9  ldexpl                                         
00009ab9  scalbn                                         
00009ab9  scalbnl                                        
00009bc9  __aeabi_dmul                                   
00009cc5  floor                                          
00009cc5  floorl                                         
00009dbd  round                                          
00009dbd  roundl                                         
00009f35  uart_println                                   
00009f9f  fputc                                          
00009fb1  fputs                                          
00009fd1  __aeabi_memcpy                                 
00009fd1  __aeabi_memcpy4                                
00009fd1  __aeabi_memcpy8                                
00009fd1  memcpy                                         
0000a06d  __aeabi_uldivmod                               
0000a103  __aeabi_cdcmpeq                                
0000a103  __aeabi_cdcmple                                
0000a189  __aeabi_cdrcmple                               
0000a20f  __aeabi_memclr                                 
0000a20f  __aeabi_memclr4                                
0000a20f  __aeabi_memclr8                                
0000a211  __aeabi_memset                                 
0000a211  __aeabi_memset4                                
0000a211  __aeabi_memset8                                
0000a217  memset                                         
0000a2f7  __aeabi_d2f                                    
0000a365  delay_ticks                                    
0000a38f  delay_us                                       
0000a3a7  delay_ms                                       
0000a3d1  __TI_decompress_lzss                           
0000a439  PMAP_configurePorts                            
0000a4a1  frexp                                          
0000a4a1  frexpl                                         
0000a55b  __TI_ltoa                                      
0000a601  atoi                                           
0000a64d  __aeabi_d2iz                                   
0000a695  __TI_auto_init_nobinit_nopinit                 
0000a6d9  vsnprintf                                      
0000a757  CPU_cpsid                                      
0000a763  CPU_primask                                    
0000a76d  CPU_cpsie                                      
0000a779  CPU_wfi                                        
0000a77d  CPU_basepriSet                                 
0000a78b  CPU_basepriGet                                 
0000a795  __aeabi_f2d                                    
0000a7cd  _c_int00_noargs                                
0000a831  __aeabi_i2d                                    
0000a85f  __TI_zero_init_nomemset                        
0000a87b  memccpy                                        
0000a897  copysign                                       
0000a897  copysignl                                      
0000a8c9  strchr                                         
0000a8df  strlen                                         
0000a8f3  wcslen                                         
0000a905  __TI_decompress_none                           
0000a913  Reset_Handler                                  
0000a91f  ADC14_IRQHandler                               
0000a91f  AES256_IRQHandler                              
0000a91f  BusFault_Handler                               
0000a91f  COMP_E0_IRQHandler                             
0000a91f  COMP_E1_IRQHandler                             
0000a91f  CS_IRQHandler                                  
0000a91f  DMA_ERR_IRQHandler                             
0000a91f  DMA_INT0_IRQHandler                            
0000a91f  DMA_INT1_IRQHandler                            
0000a91f  DMA_INT2_IRQHandler                            
0000a91f  DMA_INT3_IRQHandler                            
0000a91f  DebugMon_Handler                               
0000a91f  Default_Handler                                
0000a91f  EUSCIA0_IRQHandler                             
0000a91f  EUSCIA1_IRQHandler                             
0000a91f  EUSCIA2_IRQHandler                             
0000a91f  EUSCIA3_IRQHandler                             
0000a91f  EUSCIB0_IRQHandler                             
0000a91f  EUSCIB1_IRQHandler                             
0000a91f  EUSCIB2_IRQHandler                             
0000a91f  EUSCIB3_IRQHandler                             
0000a91f  FLCTL_IRQHandler                               
0000a91f  FPU_IRQHandler                                 
0000a91f  HardFault_Handler                              
0000a91f  MemManage_Handler                              
0000a91f  NMI_Handler                                    
0000a91f  PCM_IRQHandler                                 
0000a91f  PORT1_IRQHandler                               
0000a91f  PORT2_IRQHandler                               
0000a91f  PORT3_IRQHandler                               
0000a91f  PORT4_IRQHandler                               
0000a91f  PORT5_IRQHandler                               
0000a91f  PORT6_IRQHandler                               
0000a91f  PSS_IRQHandler                                 
0000a91f  PendSV_Handler                                 
0000a91f  RTC_C_IRQHandler                               
0000a91f  SVC_Handler                                    
0000a91f  SysTick_Handler                                
0000a91f  T32_INT1_IRQHandler                            
0000a91f  T32_INT2_IRQHandler                            
0000a91f  T32_INTC_IRQHandler                            
0000a91f  TA0_0_IRQHandler                               
0000a91f  TA0_N_IRQHandler                               
0000a91f  TA1_0_IRQHandler                               
0000a91f  TA1_N_IRQHandler                               
0000a91f  TA2_0_IRQHandler                               
0000a91f  TA2_N_IRQHandler                               
0000a91f  TA3_0_IRQHandler                               
0000a91f  TA3_N_IRQHandler                               
0000a91f  UsageFault_Handler                             
0000a91f  WDT_A_IRQHandler                               
0000a921  __aeabi_errno_addr                             
0000a929  _system_pre_init                               
0000a92d  C$$EXIT                                        
0000a92d  abort                                          
0000a930  _ctypes_                                       
0000ab3c  port_mapping                                   
0000ab7c  __TI_Handler_Table_Base                        
0000ab88  __TI_Handler_Table_Limit                       
0000ab98  __TI_CINIT_Base                                
0000abb0  __TI_CINIT_Limit                               
20000000  __start___llvm_prf_cnts                        
20000000  __stop___llvm_prf_cnts                         
20000000  g_pfnRAMVectors                                
200001f0  i2c_config                                     
20000204  errno                                          
20000208  SystemCoreClock                                
2000fe00  __stack                                        
20010000  __STACK_END                                    
4000480c  WDTCTL_SYM                                     
ffffffff  __TI_pprof_out_hndl                            
ffffffff  __TI_prof_data_size                            
ffffffff  __TI_prof_data_start                           
ffffffff  __binit__                                      
ffffffff  __c_args__                                     
ffffffff  binit                                          
UNDEFED   __mpu_init                                     
UNDEFED   _system_post_cinit                             

[364 symbols]
